None
host: node01.alma.hpc.icr
Building DAG of jobs...
You are running snakemake in a SLURM job context. This is not recommended, as it may lead to unexpected behavior. Please run Snakemake directly on the login node.
SLURM run ID: defc4278-9f47-4c53-95d3-174adf80595f
Using shell: /usr/bin/bash
Provided remote nodes: 50
Job stats:
job                  count
-----------------  -------
all                      1
call_mutation            2
filter_mutation          2
matrix_generation        2
milo_prediction          2
total                    9

Select jobs to execute...
Execute 2 jobs...
[Thu Sep  4 17:09:32 2025]
rule call_mutation:
    input: /data/scratch/DMP/UCEC/GENEVOD/qguo/Projects/lp_mut_v6/data/sample2.bam, /data/scratch/DMP/UCEC/GENEVOD/software/DLP/refdata/human/GRCh37-lite.fa
    output: /data/scratch/DMP/UCEC/GENEVOD/qguo/Projects/lp_mut_v6/results/sample2/Variants_Octopus_v0.5.2/sample2.octopus.vcf
    log: logs/sample2_mutation_calling.log
    jobid: 8
    reason: Missing output files: /data/scratch/DMP/UCEC/GENEVOD/qguo/Projects/lp_mut_v6/results/sample2/Variants_Octopus_v0.5.2/sample2.octopus.vcf
    wildcards: sample=sample2
    resources: mem_mb=12000, mem_mib=11445, disk_mb=6017, disk_mib=5739, tmpdir=<TBD>, slurm_account=dmptxgaag, cpus=4, slurm_partition=compute, runtime=240, slurm_output=logs/{rule}.{jobid}.out, slurm_error=logs/{rule}.{jobid}.err
Shell command: 
        mkdir -p /data/scratch/DMP/UCEC/GENEVOD/qguo/Projects/lp_mut_v6/results/sample2/Variants_Octopus_v0.5.2
        [ -f /data/scratch/DMP/UCEC/GENEVOD/qguo/Projects/lp_mut_v6/results/sample2/Variants_Octopus_v0.5.2/sample2.octopus.vcf.tmp ] && rm -f /data/scratch/DMP/UCEC/GENEVOD/qguo/Projects/lp_mut_v6/results/sample2/Variants_Octopus_v0.5.2/sample2.octopus.vcf.tmp
        octopus -R /data/scratch/DMP/UCEC/GENEVOD/software/DLP/refdata/human/GRCh37-lite.fa -I /data/scratch/DMP/UCEC/GENEVOD/qguo/Projects/lp_mut_v6/data/sample2.bam --output /data/scratch/DMP/UCEC/GENEVOD/qguo/Projects/lp_mut_v6/results/sample2/Variants_Octopus_v0.5.2/sample2.octopus.vcf.tmp > logs/sample2_mutation_calling.log 2>&1 && \
        mv /data/scratch/DMP/UCEC/GENEVOD/qguo/Projects/lp_mut_v6/results/sample2/Variants_Octopus_v0.5.2/sample2.octopus.vcf.tmp /data/scratch/DMP/UCEC/GENEVOD/qguo/Projects/lp_mut_v6/results/sample2/Variants_Octopus_v0.5.2/sample2.octopus.vcf
        
Job 8 has been submitted with SLURM jobid 19476889 (log: /data/scratch/DMP/UCEC/GENEVOD/qguo/Projects/lp_mut_v6/.snakemake/slurm_logs/rule_call_mutation/sample2/19476889.log).
[Thu Sep  4 17:09:32 2025]
rule call_mutation:
    input: /data/scratch/DMP/UCEC/GENEVOD/qguo/Projects/lp_mut_v6/data/sample1.bam, /data/scratch/DMP/UCEC/GENEVOD/software/DLP/refdata/human/GRCh37-lite.fa
    output: /data/scratch/DMP/UCEC/GENEVOD/qguo/Projects/lp_mut_v6/results/sample1/Variants_Octopus_v0.5.2/sample1.octopus.vcf
    log: logs/sample1_mutation_calling.log
    jobid: 4
    reason: Missing output files: /data/scratch/DMP/UCEC/GENEVOD/qguo/Projects/lp_mut_v6/results/sample1/Variants_Octopus_v0.5.2/sample1.octopus.vcf
    wildcards: sample=sample1
    resources: mem_mb=12000, mem_mib=11445, disk_mb=6017, disk_mib=5739, tmpdir=<TBD>, slurm_account=dmptxgaag, cpus=4, slurm_partition=compute, runtime=240, slurm_output=logs/{rule}.{jobid}.out, slurm_error=logs/{rule}.{jobid}.err
Shell command: 
        mkdir -p /data/scratch/DMP/UCEC/GENEVOD/qguo/Projects/lp_mut_v6/results/sample1/Variants_Octopus_v0.5.2
        [ -f /data/scratch/DMP/UCEC/GENEVOD/qguo/Projects/lp_mut_v6/results/sample1/Variants_Octopus_v0.5.2/sample1.octopus.vcf.tmp ] && rm -f /data/scratch/DMP/UCEC/GENEVOD/qguo/Projects/lp_mut_v6/results/sample1/Variants_Octopus_v0.5.2/sample1.octopus.vcf.tmp
        octopus -R /data/scratch/DMP/UCEC/GENEVOD/software/DLP/refdata/human/GRCh37-lite.fa -I /data/scratch/DMP/UCEC/GENEVOD/qguo/Projects/lp_mut_v6/data/sample1.bam --output /data/scratch/DMP/UCEC/GENEVOD/qguo/Projects/lp_mut_v6/results/sample1/Variants_Octopus_v0.5.2/sample1.octopus.vcf.tmp > logs/sample1_mutation_calling.log 2>&1 && \
        mv /data/scratch/DMP/UCEC/GENEVOD/qguo/Projects/lp_mut_v6/results/sample1/Variants_Octopus_v0.5.2/sample1.octopus.vcf.tmp /data/scratch/DMP/UCEC/GENEVOD/qguo/Projects/lp_mut_v6/results/sample1/Variants_Octopus_v0.5.2/sample1.octopus.vcf
        
Job 4 has been submitted with SLURM jobid 19476890 (log: /data/scratch/DMP/UCEC/GENEVOD/qguo/Projects/lp_mut_v6/.snakemake/slurm_logs/rule_call_mutation/sample1/19476890.log).
[Thu Sep  4 17:11:38 2025]
Finished jobid: 8 (Rule: call_mutation)
1 of 9 steps (11%) done
Select jobs to execute...
Execute 1 jobs...
[Thu Sep  4 17:11:38 2025]
rule filter_mutation:
    input: /data/scratch/DMP/UCEC/GENEVOD/qguo/Projects/lp_mut_v6/results/sample2/Variants_Octopus_v0.5.2/sample2.octopus.vcf
    output: /data/scratch/DMP/UCEC/GENEVOD/qguo/Projects/lp_mut_v6/results/sample2/Variants_Octopus_v0.5.2/sample2.octopus.filtered.vcf
    log: logs/sample2_filter_mutation.log
    jobid: 7
    reason: Missing output files: /data/scratch/DMP/UCEC/GENEVOD/qguo/Projects/lp_mut_v6/results/sample2/Variants_Octopus_v0.5.2/sample2.octopus.filtered.vcf; Input files updated by another job: /data/scratch/DMP/UCEC/GENEVOD/qguo/Projects/lp_mut_v6/results/sample2/Variants_Octopus_v0.5.2/sample2.octopus.vcf
    wildcards: sample=sample2
    threads: 4
    resources: mem_mb=12000, mem_mib=11445, disk_mb=1000, disk_mib=954, tmpdir=<TBD>, slurm_account=dmptxgaag, cpus=4, slurm_partition=compute, runtime=240, slurm_output=logs/{rule}.{jobid}.out, slurm_error=logs/{rule}.{jobid}.err
Shell command: 
        set -euo pipefail

        # --- Define temporary file paths as shell variables ---
        OUTDIR=$(dirname /data/scratch/DMP/UCEC/GENEVOD/qguo/Projects/lp_mut_v6/results/sample2/Variants_Octopus_v0.5.2/sample2.octopus.filtered.vcf)
        
        AVINPUT=$OUTDIR/sample2.octopus.vcf.avinput
        F1=$OUTDIR/sample2.1.hg19_ALL.sites.2015_08_filtered
        F2=$OUTDIR/sample2.2.hg19_esp6500siv2_all_filtered
        F3=$OUTDIR/sample2.3.hg19_exac03nontcga_filtered
        F4=$OUTDIR/sample2.4.hg19_gnomad211_genome_filtered
        F5=$OUTDIR/sample2.5.hg19_kaviar_20150923_filtered

        merge_chunks() {
            local final="$1"
            if compgen -G "${final}."* > /dev/null; then
                printf '%s\n' "${final}."* | sort -V | xargs cat -- > "${final}"
                rm -f "${final}."*
            fi
        }

        # --- Step 0: Convert VCF to AVINPUT ---
        /data/scratch/DMP/UCEC/GENEVOD/qguo/Projects/lp_mut_v6/scripts/convert2annovar.pl -format vcf4 /data/scratch/DMP/UCEC/GENEVOD/qguo/Projects/lp_mut_v6/results/sample2/Variants_Octopus_v0.5.2/sample2.octopus.vcf -includeinfo > $AVINPUT 2> logs/sample2_filter_mutation.log

        # --- Step 1: 1000g ---
        /data/scratch/DMP/UCEC/GENEVOD/qguo/Projects/lp_mut_v6/scripts/annotate_variation.pl -filter -dbtype 1000g2015aug_all -buildver hg19 \
            -out $OUTDIR/sample2.1 $AVINPUT /data/rds/DMP/UCEC/GENEVOD/qguo/Reference/genome/annovar/humandb/ \
            -maf 0.001 -thread 4 >> logs/sample2_filter_mutation.log 2>&1
        merge_chunks $F1

        # --- Step 2: esp6500 ---
        /data/scratch/DMP/UCEC/GENEVOD/qguo/Projects/lp_mut_v6/scripts/annotate_variation.pl -filter -dbtype esp6500siv2_all -buildver hg19 \
            -out $OUTDIR/sample2.2 $F1 /data/rds/DMP/UCEC/GENEVOD/qguo/Reference/genome/annovar/humandb/ \
            -score_threshold 0.001 -thread 4 >> logs/sample2_filter_mutation.log 2>&1
        merge_chunks $F2

        # --- Step 3: exac03 ---
        /data/scratch/DMP/UCEC/GENEVOD/qguo/Projects/lp_mut_v6/scripts/annotate_variation.pl -filter -dbtype exac03nontcga -buildver hg19 \
            -out $OUTDIR/sample2.3 $F2 /data/rds/DMP/UCEC/GENEVOD/qguo/Reference/genome/annovar/humandb/ \
            -score_threshold 0.001 -thread 4 >> logs/sample2_filter_mutation.log 2>&1
        merge_chunks $F3

        # --- Step 4: gnomad ---
        /data/scratch/DMP/UCEC/GENEVOD/qguo/Projects/lp_mut_v6/scripts/annotate_variation.pl -filter -dbtype gnomad211_genome -buildver hg19 \
            -out $OUTDIR/sample2.4 $F3 /data/rds/DMP/UCEC/GENEVOD/qguo/Reference/genome/annovar/humandb/ \
            -score_threshold 0.005 -thread 4 >> logs/sample2_filter_mutation.log 2>&1
        merge_chunks $F4

        # --- Step 5: kaviar ---
        /data/scratch/DMP/UCEC/GENEVOD/qguo/Projects/lp_mut_v6/scripts/annotate_variation.pl -filter -dbtype kaviar_20150923 -buildver hg19 \
            -out $OUTDIR/sample2.5 $F4 /data/rds/DMP/UCEC/GENEVOD/qguo/Reference/genome/annovar/humandb/ \
            -score_threshold 0.001 -thread 4 >> logs/sample2_filter_mutation.log 2>&1
        merge_chunks $F5
        
        # --- Final Step: Create VCF ---
        cut -f 6-16 $F5 > /data/scratch/DMP/UCEC/GENEVOD/qguo/Projects/lp_mut_v6/results/sample2/Variants_Octopus_v0.5.2/sample2.octopus.filtered.vcf

        # --- Clean up ---
        rm -f $OUTDIR/sample2.*_dropped $OUTDIR/sample2.*.log $OUTDIR/sample2.*.invalid_input $OUTDIR/sample2.*_filtered $OUTDIR/sample2*avinput
        
Job 7 has been submitted with SLURM jobid 19476892 (log: /data/scratch/DMP/UCEC/GENEVOD/qguo/Projects/lp_mut_v6/.snakemake/slurm_logs/rule_filter_mutation/sample2/19476892.log).
[Thu Sep  4 17:11:38 2025]
Finished jobid: 4 (Rule: call_mutation)
2 of 9 steps (22%) done
Select jobs to execute...
Execute 1 jobs...
[Thu Sep  4 17:11:38 2025]
rule filter_mutation:
    input: /data/scratch/DMP/UCEC/GENEVOD/qguo/Projects/lp_mut_v6/results/sample1/Variants_Octopus_v0.5.2/sample1.octopus.vcf
    output: /data/scratch/DMP/UCEC/GENEVOD/qguo/Projects/lp_mut_v6/results/sample1/Variants_Octopus_v0.5.2/sample1.octopus.filtered.vcf
    log: logs/sample1_filter_mutation.log
    jobid: 3
    reason: Missing output files: /data/scratch/DMP/UCEC/GENEVOD/qguo/Projects/lp_mut_v6/results/sample1/Variants_Octopus_v0.5.2/sample1.octopus.filtered.vcf; Input files updated by another job: /data/scratch/DMP/UCEC/GENEVOD/qguo/Projects/lp_mut_v6/results/sample1/Variants_Octopus_v0.5.2/sample1.octopus.vcf
    wildcards: sample=sample1
    threads: 4
    resources: mem_mb=12000, mem_mib=11445, disk_mb=1000, disk_mib=954, tmpdir=<TBD>, slurm_account=dmptxgaag, cpus=4, slurm_partition=compute, runtime=240, slurm_output=logs/{rule}.{jobid}.out, slurm_error=logs/{rule}.{jobid}.err
Shell command: 
        set -euo pipefail

        # --- Define temporary file paths as shell variables ---
        OUTDIR=$(dirname /data/scratch/DMP/UCEC/GENEVOD/qguo/Projects/lp_mut_v6/results/sample1/Variants_Octopus_v0.5.2/sample1.octopus.filtered.vcf)
        
        AVINPUT=$OUTDIR/sample1.octopus.vcf.avinput
        F1=$OUTDIR/sample1.1.hg19_ALL.sites.2015_08_filtered
        F2=$OUTDIR/sample1.2.hg19_esp6500siv2_all_filtered
        F3=$OUTDIR/sample1.3.hg19_exac03nontcga_filtered
        F4=$OUTDIR/sample1.4.hg19_gnomad211_genome_filtered
        F5=$OUTDIR/sample1.5.hg19_kaviar_20150923_filtered

        merge_chunks() {
            local final="$1"
            if compgen -G "${final}."* > /dev/null; then
                printf '%s\n' "${final}."* | sort -V | xargs cat -- > "${final}"
                rm -f "${final}."*
            fi
        }

        # --- Step 0: Convert VCF to AVINPUT ---
        /data/scratch/DMP/UCEC/GENEVOD/qguo/Projects/lp_mut_v6/scripts/convert2annovar.pl -format vcf4 /data/scratch/DMP/UCEC/GENEVOD/qguo/Projects/lp_mut_v6/results/sample1/Variants_Octopus_v0.5.2/sample1.octopus.vcf -includeinfo > $AVINPUT 2> logs/sample1_filter_mutation.log

        # --- Step 1: 1000g ---
        /data/scratch/DMP/UCEC/GENEVOD/qguo/Projects/lp_mut_v6/scripts/annotate_variation.pl -filter -dbtype 1000g2015aug_all -buildver hg19 \
            -out $OUTDIR/sample1.1 $AVINPUT /data/rds/DMP/UCEC/GENEVOD/qguo/Reference/genome/annovar/humandb/ \
            -maf 0.001 -thread 4 >> logs/sample1_filter_mutation.log 2>&1
        merge_chunks $F1

        # --- Step 2: esp6500 ---
        /data/scratch/DMP/UCEC/GENEVOD/qguo/Projects/lp_mut_v6/scripts/annotate_variation.pl -filter -dbtype esp6500siv2_all -buildver hg19 \
            -out $OUTDIR/sample1.2 $F1 /data/rds/DMP/UCEC/GENEVOD/qguo/Reference/genome/annovar/humandb/ \
            -score_threshold 0.001 -thread 4 >> logs/sample1_filter_mutation.log 2>&1
        merge_chunks $F2

        # --- Step 3: exac03 ---
        /data/scratch/DMP/UCEC/GENEVOD/qguo/Projects/lp_mut_v6/scripts/annotate_variation.pl -filter -dbtype exac03nontcga -buildver hg19 \
            -out $OUTDIR/sample1.3 $F2 /data/rds/DMP/UCEC/GENEVOD/qguo/Reference/genome/annovar/humandb/ \
            -score_threshold 0.001 -thread 4 >> logs/sample1_filter_mutation.log 2>&1
        merge_chunks $F3

        # --- Step 4: gnomad ---
        /data/scratch/DMP/UCEC/GENEVOD/qguo/Projects/lp_mut_v6/scripts/annotate_variation.pl -filter -dbtype gnomad211_genome -buildver hg19 \
            -out $OUTDIR/sample1.4 $F3 /data/rds/DMP/UCEC/GENEVOD/qguo/Reference/genome/annovar/humandb/ \
            -score_threshold 0.005 -thread 4 >> logs/sample1_filter_mutation.log 2>&1
        merge_chunks $F4

        # --- Step 5: kaviar ---
        /data/scratch/DMP/UCEC/GENEVOD/qguo/Projects/lp_mut_v6/scripts/annotate_variation.pl -filter -dbtype kaviar_20150923 -buildver hg19 \
            -out $OUTDIR/sample1.5 $F4 /data/rds/DMP/UCEC/GENEVOD/qguo/Reference/genome/annovar/humandb/ \
            -score_threshold 0.001 -thread 4 >> logs/sample1_filter_mutation.log 2>&1
        merge_chunks $F5
        
        # --- Final Step: Create VCF ---
        cut -f 6-16 $F5 > /data/scratch/DMP/UCEC/GENEVOD/qguo/Projects/lp_mut_v6/results/sample1/Variants_Octopus_v0.5.2/sample1.octopus.filtered.vcf

        # --- Clean up ---
        rm -f $OUTDIR/sample1.*_dropped $OUTDIR/sample1.*.log $OUTDIR/sample1.*.invalid_input $OUTDIR/sample1.*_filtered $OUTDIR/sample1*avinput
        
Job 3 has been submitted with SLURM jobid 19476893 (log: /data/scratch/DMP/UCEC/GENEVOD/qguo/Projects/lp_mut_v6/.snakemake/slurm_logs/rule_filter_mutation/sample1/19476893.log).
[Thu Sep  4 17:15:18 2025]
Finished jobid: 7 (Rule: filter_mutation)
3 of 9 steps (33%) done
Select jobs to execute...
Execute 1 jobs...
[Thu Sep  4 17:15:18 2025]
rule matrix_generation:
    input: /data/scratch/DMP/UCEC/GENEVOD/qguo/Projects/lp_mut_v6/results/sample2/Variants_Octopus_v0.5.2/sample2.octopus.filtered.vcf, /data/scratch/DMP/UCEC/GENEVOD/qguo/Projects/lp_mut_v6/scripts/Matrix_generator.py
    output: /data/scratch/DMP/UCEC/GENEVOD/qguo/Projects/lp_mut_v6/results/sample2/Variants_Octopus_v0.5.2/matrix/output/ID/sample2.ID83.all
    log: logs/sample2_matrix_generation.log
    jobid: 6
    reason: Missing output files: /data/scratch/DMP/UCEC/GENEVOD/qguo/Projects/lp_mut_v6/results/sample2/Variants_Octopus_v0.5.2/matrix/output/ID/sample2.ID83.all; Input files updated by another job: /data/scratch/DMP/UCEC/GENEVOD/qguo/Projects/lp_mut_v6/results/sample2/Variants_Octopus_v0.5.2/sample2.octopus.filtered.vcf
    wildcards: sample=sample2
    resources: mem_mb=12000, mem_mib=11445, disk_mb=1000, disk_mib=954, tmpdir=<TBD>, slurm_account=dmptxgaag, cpus=4, slurm_partition=compute, runtime=240, slurm_output=logs/{rule}.{jobid}.out, slurm_error=logs/{rule}.{jobid}.err
Shell command: 
        set -euo pipefail
        VARIANT_DIR=$(dirname /data/scratch/DMP/UCEC/GENEVOD/qguo/Projects/lp_mut_v6/results/sample2/Variants_Octopus_v0.5.2/sample2.octopus.filtered.vcf)
        MATRIX_DIR=$VARIANT_DIR/matrix
        
	    rm -rf $MATRIX_DIR
        mkdir -p $MATRIX_DIR
        
	    cp /data/scratch/DMP/UCEC/GENEVOD/qguo/Projects/lp_mut_v6/results/sample2/Variants_Octopus_v0.5.2/sample2.octopus.filtered.vcf $MATRIX_DIR/sample2.octopus.filtered.vcf

        python /data/scratch/DMP/UCEC/GENEVOD/qguo/Projects/lp_mut_v6/scripts/Matrix_generator.py sample2 $MATRIX_DIR >> logs/sample2_matrix_generation.log 2>&1

        ## clean up
        rm -rf $MATRIX_DIR/logs $MATRIX_DIR/input
        rm -f $MATRIX_DIR/sample2.octopus.filtered.vcf
        rm -rf $MATRIX_DIR/output/vcf_files

        test -s /data/scratch/DMP/UCEC/GENEVOD/qguo/Projects/lp_mut_v6/results/sample2/Variants_Octopus_v0.5.2/matrix/output/ID/sample2.ID83.all
        
Job 6 has been submitted with SLURM jobid 19476916 (log: /data/scratch/DMP/UCEC/GENEVOD/qguo/Projects/lp_mut_v6/.snakemake/slurm_logs/rule_matrix_generation/sample2/19476916.log).
[Thu Sep  4 17:15:19 2025]
Finished jobid: 3 (Rule: filter_mutation)
4 of 9 steps (44%) done
Select jobs to execute...
Execute 1 jobs...
[Thu Sep  4 17:15:19 2025]
rule matrix_generation:
    input: /data/scratch/DMP/UCEC/GENEVOD/qguo/Projects/lp_mut_v6/results/sample1/Variants_Octopus_v0.5.2/sample1.octopus.filtered.vcf, /data/scratch/DMP/UCEC/GENEVOD/qguo/Projects/lp_mut_v6/scripts/Matrix_generator.py
    output: /data/scratch/DMP/UCEC/GENEVOD/qguo/Projects/lp_mut_v6/results/sample1/Variants_Octopus_v0.5.2/matrix/output/ID/sample1.ID83.all
    log: logs/sample1_matrix_generation.log
    jobid: 2
    reason: Missing output files: /data/scratch/DMP/UCEC/GENEVOD/qguo/Projects/lp_mut_v6/results/sample1/Variants_Octopus_v0.5.2/matrix/output/ID/sample1.ID83.all; Input files updated by another job: /data/scratch/DMP/UCEC/GENEVOD/qguo/Projects/lp_mut_v6/results/sample1/Variants_Octopus_v0.5.2/sample1.octopus.filtered.vcf
    wildcards: sample=sample1
    resources: mem_mb=12000, mem_mib=11445, disk_mb=1000, disk_mib=954, tmpdir=<TBD>, slurm_account=dmptxgaag, cpus=4, slurm_partition=compute, runtime=240, slurm_output=logs/{rule}.{jobid}.out, slurm_error=logs/{rule}.{jobid}.err
Shell command: 
        set -euo pipefail
        VARIANT_DIR=$(dirname /data/scratch/DMP/UCEC/GENEVOD/qguo/Projects/lp_mut_v6/results/sample1/Variants_Octopus_v0.5.2/sample1.octopus.filtered.vcf)
        MATRIX_DIR=$VARIANT_DIR/matrix
        
	    rm -rf $MATRIX_DIR
        mkdir -p $MATRIX_DIR
        
	    cp /data/scratch/DMP/UCEC/GENEVOD/qguo/Projects/lp_mut_v6/results/sample1/Variants_Octopus_v0.5.2/sample1.octopus.filtered.vcf $MATRIX_DIR/sample1.octopus.filtered.vcf

        python /data/scratch/DMP/UCEC/GENEVOD/qguo/Projects/lp_mut_v6/scripts/Matrix_generator.py sample1 $MATRIX_DIR >> logs/sample1_matrix_generation.log 2>&1

        ## clean up
        rm -rf $MATRIX_DIR/logs $MATRIX_DIR/input
        rm -f $MATRIX_DIR/sample1.octopus.filtered.vcf
        rm -rf $MATRIX_DIR/output/vcf_files

        test -s /data/scratch/DMP/UCEC/GENEVOD/qguo/Projects/lp_mut_v6/results/sample1/Variants_Octopus_v0.5.2/matrix/output/ID/sample1.ID83.all
        
Job 2 has been submitted with SLURM jobid 19476917 (log: /data/scratch/DMP/UCEC/GENEVOD/qguo/Projects/lp_mut_v6/.snakemake/slurm_logs/rule_matrix_generation/sample1/19476917.log).
[Thu Sep  4 17:16:49 2025]
Finished jobid: 6 (Rule: matrix_generation)
5 of 9 steps (56%) done
Select jobs to execute...
Execute 1 jobs...
[Thu Sep  4 17:16:49 2025]
rule milo_prediction:
    input: /data/scratch/DMP/UCEC/GENEVOD/qguo/Projects/lp_mut_v6/results/sample2/Variants_Octopus_v0.5.2/matrix/output/ID/sample2.ID83.all
    output: /data/scratch/DMP/UCEC/GENEVOD/qguo/Projects/lp_mut_v6/results/sample2/Variants_Octopus_v0.5.2/MILO_predictions.csv
    log: logs/sample2_milo_prediction.log
    jobid: 5
    reason: Missing output files: /data/scratch/DMP/UCEC/GENEVOD/qguo/Projects/lp_mut_v6/results/sample2/Variants_Octopus_v0.5.2/MILO_predictions.csv; Input files updated by another job: /data/scratch/DMP/UCEC/GENEVOD/qguo/Projects/lp_mut_v6/results/sample2/Variants_Octopus_v0.5.2/matrix/output/ID/sample2.ID83.all
    wildcards: sample=sample2
    resources: mem_mb=12000, mem_mib=11445, disk_mb=1000, disk_mib=954, tmpdir=<TBD>, slurm_account=dmptxgaag, cpus=4, slurm_partition=compute, runtime=240, slurm_output=logs/{rule}.{jobid}.out, slurm_error=logs/{rule}.{jobid}.err
Shell command: 
        milo predict --input /data/scratch/DMP/UCEC/GENEVOD/qguo/Projects/lp_mut_v6/results/sample2/Variants_Octopus_v0.5.2/matrix/output/ID/sample2.ID83.all --output /data/scratch/DMP/UCEC/GENEVOD/qguo/Projects/lp_mut_v6/results/sample2/Variants_Octopus_v0.5.2 --sample_type ffpe_lp > logs/sample2_milo_prediction.log 2>&1
        
Job 5 has been submitted with SLURM jobid 19476919 (log: /data/scratch/DMP/UCEC/GENEVOD/qguo/Projects/lp_mut_v6/.snakemake/slurm_logs/rule_milo_prediction/sample2/19476919.log).
[Thu Sep  4 17:16:49 2025]
Finished jobid: 2 (Rule: matrix_generation)
6 of 9 steps (67%) done
Select jobs to execute...
Execute 1 jobs...
[Thu Sep  4 17:16:49 2025]
rule milo_prediction:
    input: /data/scratch/DMP/UCEC/GENEVOD/qguo/Projects/lp_mut_v6/results/sample1/Variants_Octopus_v0.5.2/matrix/output/ID/sample1.ID83.all
    output: /data/scratch/DMP/UCEC/GENEVOD/qguo/Projects/lp_mut_v6/results/sample1/Variants_Octopus_v0.5.2/MILO_predictions.csv
    log: logs/sample1_milo_prediction.log
    jobid: 1
    reason: Missing output files: /data/scratch/DMP/UCEC/GENEVOD/qguo/Projects/lp_mut_v6/results/sample1/Variants_Octopus_v0.5.2/MILO_predictions.csv; Input files updated by another job: /data/scratch/DMP/UCEC/GENEVOD/qguo/Projects/lp_mut_v6/results/sample1/Variants_Octopus_v0.5.2/matrix/output/ID/sample1.ID83.all
    wildcards: sample=sample1
    resources: mem_mb=12000, mem_mib=11445, disk_mb=1000, disk_mib=954, tmpdir=<TBD>, slurm_account=dmptxgaag, cpus=4, slurm_partition=compute, runtime=240, slurm_output=logs/{rule}.{jobid}.out, slurm_error=logs/{rule}.{jobid}.err
Shell command: 
        milo predict --input /data/scratch/DMP/UCEC/GENEVOD/qguo/Projects/lp_mut_v6/results/sample1/Variants_Octopus_v0.5.2/matrix/output/ID/sample1.ID83.all --output /data/scratch/DMP/UCEC/GENEVOD/qguo/Projects/lp_mut_v6/results/sample1/Variants_Octopus_v0.5.2 --sample_type ffpe_lp > logs/sample1_milo_prediction.log 2>&1
        
Job 1 has been submitted with SLURM jobid 19476920 (log: /data/scratch/DMP/UCEC/GENEVOD/qguo/Projects/lp_mut_v6/.snakemake/slurm_logs/rule_milo_prediction/sample1/19476920.log).
[Thu Sep  4 17:18:19 2025]
Finished jobid: 5 (Rule: milo_prediction)
7 of 9 steps (78%) done
[Thu Sep  4 17:18:19 2025]
Finished jobid: 1 (Rule: milo_prediction)
8 of 9 steps (89%) done
Select jobs to execute...
Execute 1 jobs...
[Thu Sep  4 17:18:19 2025]
localrule all:
    input: /data/scratch/DMP/UCEC/GENEVOD/qguo/Projects/lp_mut_v6/results/sample1/Variants_Octopus_v0.5.2/MILO_predictions.csv, /data/scratch/DMP/UCEC/GENEVOD/qguo/Projects/lp_mut_v6/results/sample2/Variants_Octopus_v0.5.2/MILO_predictions.csv
    jobid: 0
    reason: Input files updated by another job: /data/scratch/DMP/UCEC/GENEVOD/qguo/Projects/lp_mut_v6/results/sample2/Variants_Octopus_v0.5.2/MILO_predictions.csv, /data/scratch/DMP/UCEC/GENEVOD/qguo/Projects/lp_mut_v6/results/sample1/Variants_Octopus_v0.5.2/MILO_predictions.csv
    resources: mem_mb=12000, mem_mib=11445, disk_mb=1000, disk_mib=954, tmpdir=/data/scratch/DMP/UCEC/GENEVOD/qguo/Software/cache/.tmp, slurm_account=dmptxgaag, cpus=4, slurm_partition=compute, runtime=240, slurm_output=logs/{rule}.{jobid}.out, slurm_error=logs/{rule}.{jobid}.err
Shell command: None
[Thu Sep  4 17:18:19 2025]
Finished jobid: 0 (Rule: all)
9 of 9 steps (100%) done
Cleaning up log files older than 10 day(s).
Complete log(s): /data/scratch/DMP/UCEC/GENEVOD/qguo/Projects/lp_mut_v6/.snakemake/log/2025-09-04T170922.751647.snakemake.log
