[2025-09-05 11:21:35] <INFO> ------------------------------------------------------------------------
[2025-09-05 11:21:35] <INFO> octopus v0.5.2-beta
[2025-09-05 11:21:35] <INFO> Copyright (c) 2015-2018 University of Oxford
[2025-09-05 11:21:35] <INFO> ------------------------------------------------------------------------
[2025-09-05 11:21:45] <INFO> Done initialising calling components in 10s
[2025-09-05 11:21:45] <INFO> Detected 1 sample: "SW620bc_DSIVb_L_DATAC_L10-SW620bc_DSIVb"
[2025-09-05 11:21:45] <INFO> Invoked calling model: individual
[2025-09-05 11:21:45] <INFO> Processing 3,101,804,739bp with a single thread
[2025-09-05 11:21:45] <INFO> Writing filtered calls to "/data/scratch/DMP/UCEC/GENEVOD/qguo/Projects/lp_mut/results/sample2/Variants_Octopus_v0.5.2/sample2.octopus.vcf.tmp"
[2025-09-05 11:21:45] <INFO> ------------------------------------------------------------------------
[2025-09-05 11:21:45] <INFO>      current      |                   |     time      |     estimated   
[2025-09-05 11:21:45] <INFO>      position     |     completed     |     taken     |     ttc         
[2025-09-05 11:21:45] <INFO> ------------------------------------------------------------------------
[2025-09-05 11:21:52] <INFO>      1:13178939             0.4%               6s           28m 49s
[2025-09-05 11:21:52] <INFO>      1:16858646             0.5%               7s           23m 20s
[2025-09-05 11:21:52] <INFO>      1:20305065             0.7%               7s           19m 27s
[2025-09-05 11:21:52] <INFO>      1:23885429             0.8%               7s           16m 39s
[2025-09-05 11:21:52] <INFO>      1:29805804             1.0%               7s           14m 33s
[2025-09-05 11:21:52] <INFO>      1:45104050             1.5%               7s            9m 39s
[2025-09-05 11:21:52] <INFO>      1:51250799             1.7%               7s            8m 53s
[2025-09-05 11:21:52] <INFO>      1:63170767             2.0%               7s            7m 11s
[2025-09-05 11:21:52] <INFO>      1:73622248             2.4%               7s             6m 2s
[2025-09-05 11:21:52] <INFO>      1:76829414             2.5%               7s            5m 44s
[2025-09-05 11:21:52] <INFO>      1:80103596             2.6%               7s            5m 27s
[2025-09-05 11:21:52] <INFO>      1:99980447             3.2%               7s            4m 12s
[2025-09-05 11:21:52] <INFO>     1:111163761             3.6%               7s            3m 46s
[2025-09-05 11:21:52] <INFO>     1:121484533             3.9%               7s            3m 26s
[2025-09-05 11:21:52] <INFO>     1:142550453             4.6%               7s            2m 59s
[2025-09-05 11:21:52] <INFO>     1:152592623             4.9%               7s            2m 45s
[2025-09-05 11:21:52] <INFO>     1:167476152             5.4%               7s            2m 30s
[2025-09-05 11:21:52] <INFO>     1:172831914             5.6%               7s            2m 27s
[2025-09-05 11:21:52] <INFO>     1:175980993             5.7%               7s            2m 24s
[2025-09-05 11:21:52] <INFO>     1:191318043             6.2%               7s            2m 12s
[2025-09-05 11:21:52] <INFO>     1:195001147             6.3%               7s             2m 9s
[2025-09-05 11:21:52] <INFO>     1:219462429             7.1%               7s            1m 53s
[2025-09-05 11:21:52] <INFO>     1:222750744             7.2%               7s            1m 51s
[2025-09-05 11:21:52] <INFO>     1:226636745             7.3%               7s            1m 49s
[2025-09-05 11:21:52] <INFO>     1:230436520             7.4%               7s            1m 47s
[2025-09-05 11:21:52] <INFO>     1:237591748             7.7%               7s            1m 44s
[2025-09-05 11:21:52] <INFO>     1:241161151             7.8%               7s            1m 42s
[2025-09-05 11:21:52] <INFO>     1:249250621             8.0%               7s            1m 39s
[2025-09-05 11:21:57] <INFO>       2:3184703             8.1%              12s            2m 43s
[2025-09-05 11:21:57] <INFO>      2:16254502             8.6%              12s            2m 33s
[2025-09-05 11:21:57] <INFO>      2:24461293             8.8%              12s            2m 29s
[2025-09-05 11:21:57] <INFO>      2:29216259             9.0%              12s            2m 27s
[2025-09-05 11:21:57] <INFO>      2:39632768             9.3%              12s            2m 21s
[2025-09-05 11:21:57] <INFO>      2:45375396             9.5%              12s            2m 19s
[2025-09-05 11:21:57] <INFO>      2:49307586             9.6%              12s            2m 17s
[2025-09-05 11:21:57] <INFO>      2:57908194             9.9%              12s            2m 13s
[2025-09-05 11:21:57] <INFO>      2:73853509            10.4%              12s             2m 5s
[2025-09-05 11:21:57] <INFO>      2:85068556            10.8%              12s                2m
[2025-09-05 11:21:57] <INFO>      2:91845772            11.0%              12s            1m 57s
[2025-09-05 11:21:57] <INFO>     2:116488478            11.8%              12s            1m 49s
[2025-09-05 11:21:57] <INFO>     2:121226137            11.9%              12s            1m 47s
[2025-09-05 11:21:57] <INFO>     2:126902526            12.1%              12s            1m 46s
[2025-09-05 11:21:57] <INFO>     2:130581357            12.2%              12s            1m 45s
[2025-09-05 11:21:57] <INFO>     2:135712660            12.4%              12s            1m 44s
[2025-09-05 11:21:57] <INFO>     2:146996972            12.8%              12s            1m 40s
[2025-09-05 11:21:57] <INFO>     2:150894975            12.9%              12s            1m 39s
[2025-09-05 11:21:57] <INFO>     2:157775364            13.1%              12s            1m 37s
[2025-09-05 11:21:57] <INFO>     2:182210157            13.9%              12s            1m 31s
[2025-09-05 11:21:57] <INFO>     2:188061184            14.1%              12s            1m 30s
[2025-09-05 11:21:57] <INFO>     2:191260169            14.2%              12s            1m 29s
[2025-09-05 11:21:57] <INFO>     2:195839437            14.3%              12s            1m 28s
[2025-09-05 11:21:57] <INFO>     2:208360385            14.8%              12s            1m 25s
[2025-09-05 11:21:57] <INFO>     2:217128242            15.0%              12s            1m 23s
[2025-09-05 11:21:57] <INFO>     2:225790271            15.3%              12s            1m 21s
[2025-09-05 11:21:57] <INFO>     2:237061032            15.7%              12s            1m 19s
[2025-09-05 11:21:57] <INFO>     2:242968445            15.9%              12s            1m 18s
[2025-09-05 11:22:01] <INFO>       3:3241538            16.0%              16s            1m 42s
[2025-09-05 11:22:01] <INFO>       3:7375275            16.1%              16s            1m 41s
[2025-09-05 11:22:01] <INFO>      3:11335861            16.2%              16s            1m 40s
[2025-09-05 11:22:01] <INFO>      3:15486550            16.4%              16s            1m 39s
[2025-09-05 11:22:01] <INFO>      3:23744221            16.6%              16s            1m 38s
[2025-09-05 11:22:01] <INFO>      3:32309663            16.9%              16s            1m 36s
[2025-09-05 11:22:01] <INFO>      3:42799765            17.3%              16s            1m 34s
[2025-09-05 11:22:01] <INFO>      3:46349711            17.4%              16s            1m 33s
[2025-09-05 11:22:01] <INFO>      3:51360382            17.5%              16s            1m 32s
[2025-09-05 11:22:01] <INFO>      3:57282672            17.7%              16s            1m 31s
[2025-09-05 11:22:01] <INFO>      3:67625405            18.1%              16s            1m 29s
[2025-09-05 11:22:01] <INFO>      3:75067871            18.3%              16s            1m 28s
[2025-09-05 11:22:01] <INFO>      3:86351251            18.7%              16s            1m 25s
[2025-09-05 11:22:01] <INFO>     3:100268015            19.1%              16s            1m 23s
[2025-09-05 11:22:01] <INFO>     3:107646895            19.3%              16s            1m 21s
[2025-09-05 11:22:01] <INFO>     3:113582499            19.5%              16s            1m 21s
[2025-09-05 11:22:01] <INFO>     3:117426258            19.7%              16s            1m 20s
[2025-09-05 11:22:01] <INFO>     3:122298120            19.8%              16s            1m 19s
[2025-09-05 11:22:01] <INFO>     3:128686311            20.0%              16s            1m 18s
[2025-09-05 11:22:01] <INFO>     3:135668836            20.3%              16s            1m 17s
[2025-09-05 11:22:01] <INFO>     3:148820356            20.7%              16s            1m 15s
[2025-09-05 11:22:01] <INFO>     3:155720023            20.9%              16s            1m 14s
[2025-09-05 11:22:01] <INFO>     3:159132612            21.0%              16s            1m 13s
[2025-09-05 11:22:01] <INFO>     3:166841007            21.3%              16s            1m 12s
[2025-09-05 11:22:01] <INFO>     3:171926691            21.4%              16s            1m 12s
[2025-09-05 11:22:01] <INFO>     3:177513140            21.6%              16s            1m 11s
[2025-09-05 11:22:01] <INFO>     3:186260740            21.9%              16s            1m 10s
[2025-09-05 11:22:01] <INFO>     3:191043229            22.0%              16s            1m 10s
[2025-09-05 11:22:01] <INFO>     3:196347312            22.2%              16s             1m 9s
[2025-09-05 11:22:05] <INFO>       4:5145433            22.4%              20s            1m 24s
[2025-09-05 11:22:05] <INFO>       4:8762660            22.5%              20s            1m 23s
[2025-09-05 11:22:05] <INFO>      4:12792366            22.7%              20s            1m 23s
[2025-09-05 11:22:05] <INFO>      4:22873747            23.0%              20s            1m 21s
[2025-09-05 11:22:05] <INFO>      4:29410705            23.2%              20s            1m 20s
[2025-09-05 11:22:05] <INFO>      4:35906032            23.4%              20s            1m 19s
[2025-09-05 11:22:05] <INFO>      4:44975043            23.7%              20s            1m 18s
[2025-09-05 11:22:05] <INFO>      4:49099753            23.8%              20s            1m 17s
[2025-09-05 11:22:05] <INFO>      4:61248677            24.2%              20s            1m 16s
[2025-09-05 11:22:05] <INFO>      4:67957320            24.5%              20s            1m 15s
[2025-09-05 11:22:05] <INFO>      4:73541657            24.6%              20s            1m 14s
[2025-09-05 11:22:05] <INFO>      4:77584089            24.8%              20s            1m 14s
[2025-09-05 11:22:05] <INFO>      4:82674038            24.9%              20s            1m 13s
[2025-09-05 11:22:05] <INFO>      4:90097888            25.2%              20s            1m 12s
[2025-09-05 11:22:05] <INFO>     4:103907596            25.6%              20s            1m 10s
[2025-09-05 11:22:05] <INFO>     4:108838702            25.8%              20s            1m 10s
[2025-09-05 11:22:05] <INFO>     4:134947801            26.6%              20s             1m 7s
[2025-09-05 11:22:05] <INFO>     4:144549660            26.9%              20s             1m 5s
[2025-09-05 11:22:05] <INFO>     4:152723167            27.2%              20s             1m 5s
[2025-09-05 11:22:05] <INFO>     4:155926940            27.3%              20s             1m 4s
[2025-09-05 11:22:05] <INFO>     4:170161612            27.7%              20s             1m 3s
[2025-09-05 11:22:05] <INFO>     4:177857218            28.0%              20s             1m 2s
[2025-09-05 11:22:05] <INFO>     4:181732821            28.1%              20s             1m 1s
[2025-09-05 11:22:05] <INFO>     4:188348218            28.3%              20s             1m 1s
[2025-09-05 11:22:08] <INFO>        5:934464            28.5%              23s            1m 11s
[2025-09-05 11:22:08] <INFO>       5:6931102            28.6%              23s            1m 10s
[2025-09-05 11:22:08] <INFO>      5:13665834            28.9%              23s             1m 9s
[2025-09-05 11:22:08] <INFO>      5:17608737            29.0%              23s             1m 9s
[2025-09-05 11:22:08] <INFO>      5:21544627            29.1%              23s             1m 9s
[2025-09-05 11:22:08] <INFO>      5:25171126            29.2%              23s             1m 8s
[2025-09-05 11:22:08] <INFO>      5:31872725            29.5%              23s             1m 7s
[2025-09-05 11:22:08] <INFO>      5:41434604            29.8%              23s             1m 6s
[2025-09-05 11:22:08] <INFO>      5:51560434            30.1%              23s             1m 5s
[2025-09-05 11:22:08] <INFO>      5:64666270            30.5%              23s             1m 4s
[2025-09-05 11:22:08] <INFO>      5:68086186            30.6%              23s             1m 3s
[2025-09-05 11:22:08] <INFO>      5:72340312            30.8%              23s             1m 3s
[2025-09-05 11:22:08] <INFO>      5:80202203            31.0%              23s             1m 2s
[2025-09-05 11:22:08] <INFO>      5:86702677            31.2%              23s             1m 2s
[2025-09-05 11:22:08] <INFO>      5:98401308            31.6%              23s             1m 1s
[2025-09-05 11:22:08] <INFO>     5:106051971            31.8%              23s                1m
[2025-09-05 11:22:08] <INFO>     5:109487903            32.0%              23s                1m
[2025-09-05 11:22:08] <INFO>     5:112895629            32.1%              23s               59s
[2025-09-05 11:22:08] <INFO>     5:116829870            32.2%              23s               59s
[2025-09-05 11:22:08] <INFO>     5:125719822            32.5%              23s               58s
[2025-09-05 11:22:08] <INFO>     5:135534639            32.8%              23s               57s
[2025-09-05 11:22:08] <INFO>     5:150840775            33.3%              23s               56s
[2025-09-05 11:22:08] <INFO>     5:155816745            33.4%              23s               56s
[2025-09-05 11:22:08] <INFO>     5:165929564            33.8%              23s               55s
[2025-09-05 11:22:08] <INFO>     5:172636398            34.0%              23s               54s
[2025-09-05 11:22:08] <INFO>     5:176080560            34.1%              23s               54s
[2025-09-05 11:22:08] <INFO>     5:180915260            34.3%              23s               54s
[2025-09-05 11:22:11] <INFO>       6:4387048            34.4%              26s             1m 1s
[2025-09-05 11:22:11] <INFO>       6:8024683            34.5%              26s                1m
[2025-09-05 11:22:11] <INFO>      6:14234971            34.7%              26s                1m
[2025-09-05 11:22:11] <INFO>      6:18142970            34.8%              26s                1m
[2025-09-05 11:22:11] <INFO>      6:21732137            35.0%              26s               59s
[2025-09-05 11:22:11] <INFO>      6:30106296            35.2%              26s               59s
[2025-09-05 11:22:11] <INFO>      6:36218219            35.4%              26s               58s
[2025-09-05 11:22:11] <INFO>      6:40532893            35.6%              26s               58s
[2025-09-05 11:22:11] <INFO>      6:47564204            35.8%              26s               57s
[2025-09-05 11:22:11] <INFO>      6:55932935            36.1%              26s               57s
[2025-09-05 11:22:12] <INFO>      6:63426649            36.3%              26s               56s
[2025-09-05 11:22:12] <INFO>      6:71457074            36.6%              26s               56s
[2025-09-05 11:22:12] <INFO>      6:89002088            37.1%              26s               54s
[2025-09-05 11:22:12] <INFO>      6:96568247            37.4%              26s               54s
[2025-09-05 11:22:12] <INFO>     6:105352035            37.7%              26s               53s
[2025-09-05 11:22:12] <INFO>     6:112524506            37.9%              26s               52s
[2025-09-05 11:22:12] <INFO>     6:118505571            38.1%              26s               52s
[2025-09-05 11:22:12] <INFO>     6:123592184            38.2%              26s               52s
[2025-09-05 11:22:12] <INFO>     6:132044942            38.5%              26s               51s
[2025-09-05 11:22:12] <INFO>     6:136326330            38.7%              26s               51s
[2025-09-05 11:22:12] <INFO>     6:139887037            38.8%              26s               51s
[2025-09-05 11:22:12] <INFO>     6:152775813            39.2%              26s               50s
[2025-09-05 11:22:12] <INFO>     6:159220979            39.4%              26s               49s
[2025-09-05 11:22:12] <INFO>     6:166823764            39.6%              26s               49s
[2025-09-05 11:22:12] <INFO>     6:170360085            39.7%              26s               49s
[2025-09-05 11:22:15] <INFO>       7:9097947            40.1%              29s               53s
[2025-09-05 11:22:15] <INFO>      7:16121864            40.3%              29s               53s
[2025-09-05 11:22:15] <INFO>      7:23376445            40.5%              29s               52s
[2025-09-05 11:22:15] <INFO>      7:30938801            40.8%              29s               52s
[2025-09-05 11:22:15] <INFO>      7:36124292            40.9%              29s               51s
[2025-09-05 11:22:15] <INFO>      7:54745652            41.5%              29s               50s
[2025-09-05 11:22:15] <INFO>      7:61969121            41.8%              29s               49s
[2025-09-05 11:22:15] <INFO>      7:67047241            41.9%              29s               49s
[2025-09-05 11:22:15] <INFO>      7:77868367            42.3%              29s               48s
[2025-09-05 11:22:15] <INFO>      7:89110041            42.6%              29s               48s
[2025-09-05 11:22:15] <INFO>      7:92884832            42.8%              29s               48s
[2025-09-05 11:22:15] <INFO>      7:99309412            43.0%              29s               47s
[2025-09-05 11:22:15] <INFO>     7:103034592            43.1%              29s               47s
[2025-09-05 11:22:15] <INFO>     7:111017580            43.4%              29s               46s
[2025-09-05 11:22:15] <INFO>     7:118131507            43.6%              29s               46s
[2025-09-05 11:22:15] <INFO>     7:121280623            43.7%              29s               46s
[2025-09-05 11:22:15] <INFO>     7:125100934            43.8%              29s               45s
[2025-09-05 11:22:15] <INFO>     7:132204746            44.0%              29s               45s
[2025-09-05 11:22:15] <INFO>     7:137693104            44.2%              29s               45s
[2025-09-05 11:22:15] <INFO>     7:142143277            44.4%              29s               45s
[2025-09-05 11:22:15] <INFO>     7:153160306            44.7%              29s               44s
[2025-09-05 11:22:15] <INFO>     7:156877886            44.8%              29s               44s
[2025-09-05 11:22:17] <INFO>       8:4489552            45.0%              32s               47s
[2025-09-05 11:22:17] <INFO>       8:7624496            45.1%              32s               47s
[2025-09-05 11:22:17] <INFO>      8:13581283            45.3%              32s               47s
[2025-09-05 11:22:17] <INFO>      8:25947237            45.7%              32s               46s
[2025-09-05 11:22:17] <INFO>      8:46849174            46.4%              32s               45s
[2025-09-05 11:22:17] <INFO>      8:50394056            46.5%              32s               44s
[2025-09-05 11:22:17] <INFO>      8:57954973            46.8%              32s               44s
[2025-09-05 11:22:17] <INFO>      8:64090319            47.0%              32s               44s
[2025-09-05 11:22:17] <INFO>      8:70839897            47.2%              32s               43s
[2025-09-05 11:22:17] <INFO>      8:74667382            47.3%              32s               43s
[2025-09-05 11:22:17] <INFO>      8:90113946            47.8%              32s               42s
[2025-09-05 11:22:17] <INFO>      8:97101578            48.0%              32s               42s
[2025-09-05 11:22:17] <INFO>     8:119053763            48.7%              32s               41s
[2025-09-05 11:22:17] <INFO>     8:124849170            48.9%              32s               40s
[2025-09-05 11:22:17] <INFO>     8:127967754            49.0%              32s               40s
[2025-09-05 11:22:17] <INFO>     8:132335507            49.2%              32s               40s
[2025-09-05 11:22:17] <INFO>     8:137965596            49.4%              32s               40s
[2025-09-05 11:22:17] <INFO>     8:146364022            49.6%              32s               39s
[2025-09-05 11:22:20] <INFO>      9:13769514            50.1%              35s               42s
[2025-09-05 11:22:20] <INFO>      9:26094798            50.5%              35s               41s
[2025-09-05 11:22:20] <INFO>      9:30056944            50.6%              35s               41s
[2025-09-05 11:22:20] <INFO>      9:34817400            50.7%              35s               41s
[2025-09-05 11:22:20] <INFO>      9:45049242            51.1%              35s               40s
[2025-09-05 11:22:20] <INFO>      9:66291573            51.8%              35s               39s
[2025-09-05 11:22:20] <INFO>      9:71468002            51.9%              35s               39s
[2025-09-05 11:22:20] <INFO>      9:83615621            52.3%              35s               38s
[2025-09-05 11:22:20] <INFO>      9:89606011            52.5%              35s               38s
[2025-09-05 11:22:20] <INFO>      9:93095891            52.6%              35s               38s
[2025-09-05 11:22:20] <INFO>      9:96919119            52.7%              35s               38s
[2025-09-05 11:22:20] <INFO>     9:103907685            53.0%              35s               37s
[2025-09-05 11:22:20] <INFO>     9:113633737            53.3%              35s               37s
[2025-09-05 11:22:20] <INFO>     9:117903200            53.4%              35s               36s
[2025-09-05 11:22:20] <INFO>     9:128215604            53.8%              35s               36s
[2025-09-05 11:22:20] <INFO>     9:135208284            54.0%              35s               36s
[2025-09-05 11:22:20] <INFO>     9:138509900            54.1%              35s               36s
[2025-09-05 11:22:22] <INFO>      10:2484084            54.3%              37s               38s
[2025-09-05 11:22:22] <INFO>     10:16811426            54.7%              37s               37s
[2025-09-05 11:22:22] <INFO>     10:25814587            55.0%              37s               37s
[2025-09-05 11:22:22] <INFO>     10:30434801            55.2%              37s               36s
[2025-09-05 11:22:22] <INFO>     10:33922126            55.3%              37s               36s
[2025-09-05 11:22:22] <INFO>     10:39115769            55.4%              37s               36s
[2025-09-05 11:22:22] <INFO>     10:42385333            55.5%              37s               36s
[2025-09-05 11:22:22] <INFO>     10:55059003            55.9%              37s               35s
[2025-09-05 11:22:22] <INFO>     10:63578632            56.2%              37s               35s
[2025-09-05 11:22:22] <INFO>     10:67246900            56.3%              37s               35s
[2025-09-05 11:22:22] <INFO>     10:72914369            56.5%              37s               34s
[2025-09-05 11:22:22] <INFO>     10:76212809            56.6%              37s               34s
[2025-09-05 11:22:22] <INFO>     10:83978961            56.9%              37s               34s
[2025-09-05 11:22:22] <INFO>     10:89369462            57.1%              37s               34s
[2025-09-05 11:22:22] <INFO>    10:101848444            57.5%              37s               33s
[2025-09-05 11:22:22] <INFO>    10:122164896            58.1%              37s               32s
[2025-09-05 11:22:22] <INFO>    10:126699622            58.3%              37s               32s
[2025-09-05 11:22:22] <INFO>    10:134998653            58.5%              37s               32s
[2025-09-05 11:22:25] <INFO>      11:2985903            58.6%              40s               34s
[2025-09-05 11:22:25] <INFO>      11:9600438            58.9%              40s               33s
[2025-09-05 11:22:25] <INFO>     11:17845709            59.1%              40s               33s
[2025-09-05 11:22:25] <INFO>     11:35052312            59.7%              40s               32s
[2025-09-05 11:22:25] <INFO>     11:38358701            59.8%              40s               32s
[2025-09-05 11:22:25] <INFO>     11:42939574            59.9%              40s               32s
[2025-09-05 11:22:25] <INFO>     11:48827426            60.1%              40s               32s
[2025-09-05 11:22:25] <INFO>     11:54995497            60.3%              40s               31s
[2025-09-05 11:22:25] <INFO>     11:61549025            60.5%              40s               31s
[2025-09-05 11:22:25] <INFO>     11:66127926            60.7%              40s               31s
[2025-09-05 11:22:25] <INFO>     11:73459025            60.9%              40s               31s
[2025-09-05 11:22:25] <INFO>     11:78582152            61.1%              40s               31s
[2025-09-05 11:22:25] <INFO>     11:86284968            61.3%              40s               30s
[2025-09-05 11:22:25] <INFO>     11:93324551            61.6%              40s               30s
[2025-09-05 11:22:25] <INFO>    11:104381886            61.9%              40s               29s
[2025-09-05 11:22:25] <INFO>    11:113909671            62.2%              40s               29s
[2025-09-05 11:22:25] <INFO>    11:117430479            62.3%              40s               29s
[2025-09-05 11:22:25] <INFO>    11:122563338            62.5%              40s               29s
[2025-09-05 11:22:25] <INFO>    11:129657216            62.7%              40s               28s
[2025-09-05 11:22:25] <INFO>    11:134233343            62.9%              40s               28s
[2025-09-05 11:22:28] <INFO>      12:6417951            63.1%              42s               30s
[2025-09-05 11:22:28] <INFO>     12:11837265            63.3%              42s               30s
[2025-09-05 11:22:28] <INFO>     12:16305100            63.4%              42s               29s
[2025-09-05 11:22:28] <INFO>     12:21603877            63.6%              42s               29s
[2025-09-05 11:22:28] <INFO>     12:24718325            63.7%              42s               29s
[2025-09-05 11:22:28] <INFO>     12:28516813            63.8%              42s               29s
[2025-09-05 11:22:28] <INFO>     12:41774886            64.2%              42s               28s
[2025-09-05 11:22:28] <INFO>     12:50953094            64.5%              42s               28s
[2025-09-05 11:22:28] <INFO>     12:61877416            64.9%              42s               28s
[2025-09-05 11:22:28] <INFO>     12:66124509            65.0%              42s               27s
[2025-09-05 11:22:28] <INFO>     12:69778088            65.1%              42s               27s
[2025-09-05 11:22:28] <INFO>     12:80711932            65.5%              42s               27s
[2025-09-05 11:22:28] <INFO>     12:85551659            65.7%              42s               27s
[2025-09-05 11:22:28] <INFO>     12:95544394            66.0%              42s               26s
[2025-09-05 11:22:28] <INFO>    12:104057890            66.3%              42s               26s
[2025-09-05 11:22:28] <INFO>    12:115890922            66.6%              42s               25s
[2025-09-05 11:22:28] <INFO>    12:129507453            67.1%              42s               25s
[2025-09-05 11:22:28] <INFO>    12:133851895            67.2%              42s               25s
[2025-09-05 11:22:29] <INFO>     13:24574186            68.0%              44s               25s
[2025-09-05 11:22:29] <INFO>     13:28393672            68.1%              44s               25s
[2025-09-05 11:22:29] <INFO>     13:33908665            68.3%              44s               24s
[2025-09-05 11:22:29] <INFO>     13:38846015            68.5%              44s               24s
[2025-09-05 11:22:29] <INFO>     13:52127212            68.9%              44s               24s
[2025-09-05 11:22:29] <INFO>     13:58480590            69.1%              44s               24s
[2025-09-05 11:22:29] <INFO>     13:62352984            69.2%              44s               23s
[2025-09-05 11:22:29] <INFO>     13:67889658            69.4%              44s               23s
[2025-09-05 11:22:29] <INFO>     13:73282445            69.6%              44s               23s
[2025-09-05 11:22:29] <INFO>     13:76644493            69.7%              44s               23s
[2025-09-05 11:22:29] <INFO>     13:83791874            69.9%              44s               23s
[2025-09-05 11:22:29] <INFO>     13:90640987            70.1%              44s               22s
[2025-09-05 11:22:29] <INFO>     13:94750360            70.3%              44s               22s
[2025-09-05 11:22:29] <INFO>     13:98149413            70.4%              44s               22s
[2025-09-05 11:22:29] <INFO>    13:102621024            70.5%              44s               22s
[2025-09-05 11:22:29] <INFO>    13:108291190            70.7%              44s               22s
[2025-09-05 11:22:29] <INFO>    13:111600015            70.8%              44s               22s
[2025-09-05 11:22:29] <INFO>    13:115169878            70.9%              44s               22s
[2025-09-05 11:22:31] <INFO>     14:21460082            71.6%              46s               22s
[2025-09-05 11:22:31] <INFO>     14:24797461            71.7%              46s               22s
[2025-09-05 11:22:31] <INFO>     14:33821250            72.0%              46s               21s
[2025-09-05 11:22:31] <INFO>     14:53594257            72.7%              46s               21s
[2025-09-05 11:22:31] <INFO>     14:58091035            72.8%              46s               20s
[2025-09-05 11:22:31] <INFO>     14:62002902            72.9%              46s               20s
[2025-09-05 11:22:31] <INFO>     14:70558706            73.2%              46s               20s
[2025-09-05 11:22:31] <INFO>     14:74401773            73.3%              46s               20s
[2025-09-05 11:22:31] <INFO>     14:90262421            73.8%              46s               19s
[2025-09-05 11:22:31] <INFO>    14:105278743            74.3%              46s               19s
[2025-09-05 11:22:33] <INFO>     15:20418256            75.0%              47s               19s
[2025-09-05 11:22:33] <INFO>     15:25789929            75.2%              47s               18s
[2025-09-05 11:22:33] <INFO>     15:37289690            75.6%              47s               18s
[2025-09-05 11:22:33] <INFO>     15:40537319            75.7%              47s               18s
[2025-09-05 11:22:33] <INFO>     15:43811843            75.8%              47s               18s
[2025-09-05 11:22:33] <INFO>     15:57955128            76.3%              47s               17s
[2025-09-05 11:22:33] <INFO>     15:64464795            76.5%              47s               17s
[2025-09-05 11:22:33] <INFO>     15:74062894            76.8%              47s               17s
[2025-09-05 11:22:33] <INFO>     15:80210851            77.0%              47s               17s
[2025-09-05 11:22:33] <INFO>     15:87083588            77.2%              47s               17s
[2025-09-05 11:22:33] <INFO>     15:98504875            77.6%              47s               16s
[2025-09-05 11:22:33] <INFO>    15:102076681            77.7%              47s               16s
[2025-09-05 11:22:34] <INFO>      16:5890767            77.9%              49s               16s
[2025-09-05 11:22:34] <INFO>      16:9101609            78.0%              49s               16s
[2025-09-05 11:22:34] <INFO>     16:21054160            78.4%              49s               16s
[2025-09-05 11:22:34] <INFO>     16:30779716            78.7%              49s               16s
[2025-09-05 11:22:34] <INFO>     16:33968219            78.8%              49s               16s
[2025-09-05 11:22:34] <INFO>     16:46387488            79.2%              49s               15s
[2025-09-05 11:22:34] <INFO>     16:52631186            79.4%              49s               15s
[2025-09-05 11:22:34] <INFO>     16:57557290            79.5%              49s               15s
[2025-09-05 11:22:34] <INFO>     16:66616293            79.8%              49s               14s
[2025-09-05 11:22:34] <INFO>     16:70740707            80.0%              49s               14s
[2025-09-05 11:22:34] <INFO>     16:75799386            80.1%              49s               14s
[2025-09-05 11:22:34] <INFO>     16:79821689            80.3%              49s               14s
[2025-09-05 11:22:34] <INFO>     16:88976477            80.6%              49s               14s
[2025-09-05 11:22:36] <INFO>      17:4287906            80.7%              50s               14s
[2025-09-05 11:22:36] <INFO>      17:8752432            80.9%              50s               14s
[2025-09-05 11:22:36] <INFO>     17:12516472            81.0%              50s               14s
[2025-09-05 11:22:36] <INFO>     17:21776224            81.3%              50s               14s
[2025-09-05 11:22:36] <INFO>     17:25267857            81.4%              50s               13s
[2025-09-05 11:22:36] <INFO>     17:28477702            81.5%              50s               13s
[2025-09-05 11:22:36] <INFO>     17:34985353            81.7%              50s               13s
[2025-09-05 11:22:36] <INFO>     17:52884615            82.3%              50s               13s
[2025-09-05 11:22:36] <INFO>     17:59037064            82.5%              50s               12s
[2025-09-05 11:22:36] <INFO>     17:66923590            82.8%              50s               12s
[2025-09-05 11:22:36] <INFO>     17:74568507            83.0%              50s               12s
[2025-09-05 11:22:36] <INFO>     17:78219908            83.1%              50s               12s
[2025-09-05 11:22:37] <INFO>      18:3134555            83.3%              52s               12s
[2025-09-05 11:22:37] <INFO>     18:10481941            83.6%              52s               12s
[2025-09-05 11:22:37] <INFO>     18:14467901            83.7%              52s               12s
[2025-09-05 11:22:37] <INFO>     18:19840756            83.9%              52s               12s
[2025-09-05 11:22:37] <INFO>     18:27339564            84.1%              52s               11s
[2025-09-05 11:22:37] <INFO>     18:47176071            84.7%              52s               11s
[2025-09-05 11:22:37] <INFO>     18:50986645            84.9%              52s               11s
[2025-09-05 11:22:37] <INFO>     18:61417448            85.2%              52s               10s
[2025-09-05 11:22:37] <INFO>     18:67823732            85.4%              52s               10s
[2025-09-05 11:22:37] <INFO>     18:73796247            85.6%              52s               10s
[2025-09-05 11:22:37] <INFO>     18:78077248            85.7%              52s               10s
[2025-09-05 11:22:38] <INFO>      19:7253243            86.0%              53s               10s
[2025-09-05 11:22:38] <INFO>     19:12714789            86.1%              53s               10s
[2025-09-05 11:22:38] <INFO>     19:18692651            86.3%              53s               10s
[2025-09-05 11:22:38] <INFO>     19:27732052            86.6%              53s                9s
[2025-09-05 11:22:38] <INFO>     19:33296406            86.8%              53s                9s
[2025-09-05 11:22:38] <INFO>     19:38528330            87.0%              53s                9s
[2025-09-05 11:22:38] <INFO>     19:52132114            87.4%              53s                9s
[2025-09-05 11:22:38] <INFO>     19:55407021            87.5%              53s                9s
[2025-09-05 11:22:38] <INFO>     19:59128983            87.6%              53s                9s
[2025-09-05 11:22:39] <INFO>      20:7682646            87.9%              54s                9s
[2025-09-05 11:22:39] <INFO>     20:18023419            88.2%              54s                8s
[2025-09-05 11:22:39] <INFO>     20:21590450            88.3%              54s                8s
[2025-09-05 11:22:39] <INFO>     20:24824746            88.4%              54s                8s
[2025-09-05 11:22:39] <INFO>     20:30544586            88.6%              54s                8s
[2025-09-05 11:22:39] <INFO>     20:38340707            88.9%              54s                8s
[2025-09-05 11:22:39] <INFO>     20:43949445            89.1%              54s                8s
[2025-09-05 11:22:39] <INFO>     20:49138401            89.2%              54s                7s
[2025-09-05 11:22:39] <INFO>     20:56163940            89.5%              54s                7s
[2025-09-05 11:22:39] <INFO>     20:59760598            89.6%              54s                7s
[2025-09-05 11:22:39] <INFO>     20:63025520            89.7%              54s                7s
[2025-09-05 11:22:40] <INFO>     21:10754274            90.0%              55s                7s
[2025-09-05 11:22:40] <INFO>     21:18065463            90.3%              55s                7s
[2025-09-05 11:22:40] <INFO>     21:27495183            90.6%              55s                6s
[2025-09-05 11:22:40] <INFO>     21:43006801            91.1%              55s                6s
[2025-09-05 11:22:40] <INFO>     21:46433842            91.2%              55s                6s
[2025-09-05 11:22:41] <INFO>     22:16958289            91.8%              55s                6s
[2025-09-05 11:22:41] <INFO>     22:22501855            92.0%              55s                5s
[2025-09-05 11:22:41] <INFO>     22:29182500            92.2%              55s                5s
[2025-09-05 11:22:41] <INFO>     22:35061772            92.4%              55s                5s
[2025-09-05 11:22:41] <INFO>     22:40934315            92.5%              55s                5s
[2025-09-05 11:22:41] <INFO>     22:51304566            92.9%              55s                5s
[2025-09-05 11:22:43] <INFO>       X:3220743            93.0%              58s                5s
[2025-09-05 11:22:43] <INFO>       X:8831380            93.2%              58s                5s
[2025-09-05 11:22:43] <INFO>      X:16041283            93.4%              58s                5s
[2025-09-05 11:22:43] <INFO>      X:39862487            94.2%              58s                4s
[2025-09-05 11:22:43] <INFO>      X:51123954            94.5%              58s                4s
[2025-09-05 11:22:43] <INFO>      X:61730679            94.9%              58s                3s
[2025-09-05 11:22:43] <INFO>      X:74669021            95.3%              58s                3s
[2025-09-05 11:22:43] <INFO>      X:81794168            95.5%              58s                3s
[2025-09-05 11:22:43] <INFO>      X:94291259            95.9%              58s                2s
[2025-09-05 11:22:43] <INFO>     X:108968104            96.4%              58s                2s
[2025-09-05 11:22:43] <INFO>     X:115950991            96.6%              58s                2s
[2025-09-05 11:22:43] <INFO>     X:135055045            97.2%              58s                1s
[2025-09-05 11:22:43] <INFO>     X:155270560            97.9%              58s                1s
[2025-09-05 11:22:44] <INFO>      Y:13461108            98.3%              59s                1s
[2025-09-05 11:22:44] <INFO>      Y:58983840            99.8%              59s             143ms
[2025-09-05 11:22:44] <INFO>               -             100%              59s                 -
[2025-09-05 11:22:44] <INFO> Starting Call Set Refinement (CSR) filtering
[2025-09-05 11:22:44] <INFO> ------------------------------------------------------------------------
[2025-09-05 11:22:44] <INFO>      current      |                   |     time      |     estimated   
[2025-09-05 11:22:44] <INFO>      position     |     completed     |     taken     |     ttc         
[2025-09-05 11:22:44] <INFO> ------------------------------------------------------------------------
[2025-09-05 11:22:45] <INFO>      1:45104050             1.5%            543ms               37s
[2025-09-05 11:22:45] <INFO>      1:76829414             2.5%            545ms               21s
[2025-09-05 11:22:45] <INFO>     1:111163761             3.6%            547ms               14s
[2025-09-05 11:22:45] <INFO>     1:142550405             4.6%            552ms               11s
[2025-09-05 11:22:45] <INFO>     1:175980993             5.7%            554ms                9s
[2025-09-05 11:22:45] <INFO>     1:220132739             7.1%            557ms                7s
[2025-09-05 11:22:46] <INFO>       2:4487500             8.2%               1s               12s
[2025-09-05 11:22:46] <INFO>      2:45375396             9.5%               1s               10s
[2025-09-05 11:22:46] <INFO>      2:85068556            10.8%               1s                9s
[2025-09-05 11:22:46] <INFO>     2:116488478            11.8%               1s                8s
[2025-09-05 11:22:46] <INFO>     2:147871774            12.8%               1s                7s
[2025-09-05 11:22:46] <INFO>     2:182210157            13.9%               1s                6s
[2025-09-05 11:22:46] <INFO>     2:217128162            15.0%               1s                6s
[2025-09-05 11:22:46] <INFO>       3:7375275            16.1%               1s                8s
[2025-09-05 11:22:46] <INFO>      3:42799765            17.3%               1s                7s
[2025-09-05 11:22:46] <INFO>      3:75067871            18.3%               1s                7s
[2025-09-05 11:22:46] <INFO>     3:107646728            19.3%               1s                6s
[2025-09-05 11:22:46] <INFO>     3:148820356            20.7%               1s                6s
[2025-09-05 11:22:46] <INFO>     3:186260740            21.9%               1s                5s
[2025-09-05 11:22:46] <INFO>      4:22873747            23.0%               2s                6s
[2025-09-05 11:22:46] <INFO>      4:61248677            24.2%               2s                6s
[2025-09-05 11:22:46] <INFO>     4:103907596            25.6%               2s                5s
[2025-09-05 11:22:46] <INFO>     4:134947801            26.6%               2s                5s
[2025-09-05 11:22:46] <INFO>     4:170161612            27.7%               2s                5s
[2025-09-05 11:22:47] <INFO>      5:13665834            28.9%               2s                5s
[2025-09-05 11:22:47] <INFO>      5:51560434            30.1%               2s                5s
[2025-09-05 11:22:47] <INFO>      5:82742118            31.1%               2s                5s
[2025-09-05 11:22:47] <INFO>     5:116829870            32.2%               2s                5s
[2025-09-05 11:22:47] <INFO>     5:150840718            33.3%               2s                4s
[2025-09-05 11:22:47] <INFO>       6:4387048            34.4%               2s                5s
[2025-09-05 11:22:47] <INFO>      6:36218219            35.4%               2s                5s
[2025-09-05 11:22:47] <INFO>      6:71457053            36.6%               2s                4s
[2025-09-05 11:22:47] <INFO>     6:105352035            37.7%               2s                4s
[2025-09-05 11:22:47] <INFO>     6:138222510            38.7%               2s                4s
[2025-09-05 11:22:47] <INFO>     6:170360085            39.7%               2s                4s
[2025-09-05 11:22:48] <INFO>      7:30938801            40.8%               3s                4s
[2025-09-05 11:22:48] <INFO>      7:61969121            41.8%               3s                4s
[2025-09-05 11:22:48] <INFO>      7:95948588            42.9%               3s                4s
[2025-09-05 11:22:48] <INFO>     7:132204746            44.0%               3s                4s
[2025-09-05 11:22:48] <INFO>       8:4489552            45.0%               3s                4s
[2025-09-05 11:22:48] <INFO>      8:46849174            46.4%               3s                4s
[2025-09-05 11:22:48] <INFO>      8:90113946            47.8%               3s                3s
[2025-09-05 11:22:48] <INFO>     8:124849170            48.9%               3s                3s
[2025-09-05 11:22:48] <INFO>      9:13769514            50.1%               3s                3s
[2025-09-05 11:22:48] <INFO>      9:66291573            51.8%               3s                3s
[2025-09-05 11:22:48] <INFO>      9:98516612            52.8%               3s                3s
[2025-09-05 11:22:48] <INFO>     9:138010901            54.1%               3s                3s
[2025-09-05 11:22:49] <INFO>     10:30434801            55.2%               4s                3s
[2025-09-05 11:22:49] <INFO>     10:63578632            56.2%               4s                3s
[2025-09-05 11:22:49] <INFO>    10:101848444            57.5%               4s                3s
[2025-09-05 11:22:49] <INFO>    10:134998653            58.5%               4s                2s
[2025-09-05 11:22:49] <INFO>     11:35052312            59.7%               4s                3s
[2025-09-05 11:22:49] <INFO>     11:66127926            60.7%               4s                2s
[2025-09-05 11:22:49] <INFO>    11:104381872            61.9%               4s                2s
[2025-09-05 11:22:49] <INFO>      12:1064438            62.9%               4s                2s
[2025-09-05 11:22:49] <INFO>     12:41774886            64.2%               4s                2s
[2025-09-05 11:22:49] <INFO>     12:80711932            65.5%               4s                2s
[2025-09-05 11:22:49] <INFO>    12:115890922            66.6%               4s                2s
[2025-09-05 11:22:50] <INFO>     13:24574186            68.0%               5s                2s
[2025-09-05 11:22:50] <INFO>     13:58480590            69.1%               5s                2s
[2025-09-05 11:22:50] <INFO>     13:90640987            70.1%               5s                2s
[2025-09-05 11:22:50] <INFO>     14:21460002            71.6%               5s                2s
[2025-09-05 11:22:50] <INFO>     14:53594257            72.7%               5s                1s
[2025-09-05 11:22:50] <INFO>     14:90262421            73.8%               5s                1s
[2025-09-05 11:22:50] <INFO>     15:20418256            75.0%               5s                1s
[2025-09-05 11:22:50] <INFO>     15:57955128            76.3%               5s                1s
[2025-09-05 11:22:50] <INFO>     15:98504875            77.6%               5s                1s
[2025-09-05 11:22:50] <INFO>     16:30779716            78.7%               5s                1s
[2025-09-05 11:22:50] <INFO>     16:66616292            79.8%               5s                1s
[2025-09-05 11:22:50] <INFO>      17:8752432            80.9%               5s                1s
[2025-09-05 11:22:50] <INFO>     17:52884615            82.3%               5s                1s
[2025-09-05 11:22:50] <INFO>      18:3603919            83.3%               6s                1s
[2025-09-05 11:22:50] <INFO>     18:47176001            84.7%               6s                1s
[2025-09-05 11:22:51] <INFO>      19:1061531            85.8%               6s                1s
[2025-09-05 11:22:51] <INFO>     19:33296406            86.8%               6s             918ms
[2025-09-05 11:22:51] <INFO>      20:8477107            87.9%               6s             847ms
[2025-09-05 11:22:51] <INFO>     20:43949429            89.1%               6s             760ms
[2025-09-05 11:22:51] <INFO>     21:18065463            90.3%               6s             677ms
[2025-09-05 11:22:51] <INFO>     22:17220579            91.8%               6s             570ms
[2025-09-05 11:22:51] <INFO>     22:51304566            92.9%               6s             514ms
[2025-09-05 11:22:51] <INFO>      X:39862487            94.2%               6s             414ms
[2025-09-05 11:22:51] <INFO>      X:74669021            95.3%               6s             332ms
[2025-09-05 11:22:51] <INFO>     X:108968104            96.4%               6s             251ms
[2025-09-05 11:22:51] <INFO>     X:155270560            97.9%               6s             146ms
[2025-09-05 11:22:51] <INFO>      Y:58983809            99.8%               6s              13ms
[2025-09-05 11:22:51] <INFO>               -             100%               6s                 -
[2025-09-05 11:22:51] <INFO> Finished calling 3,101,804,739bp, total runtime 1m 6s
[2025-09-05 11:22:51] <INFO> Calls have been written to "/data/scratch/DMP/UCEC/GENEVOD/qguo/Projects/lp_mut/results/sample2/Variants_Octopus_v0.5.2/sample2.octopus.vcf.tmp"
[2025-09-05 11:22:51] <INFO> Removed 2 temporary files
[2025-09-05 11:22:51] <INFO> ------------------------------------------------------------------------
