[2025-09-05 11:21:35] <INFO> ------------------------------------------------------------------------
[2025-09-05 11:21:35] <INFO> octopus v0.5.2-beta
[2025-09-05 11:21:35] <INFO> Copyright (c) 2015-2018 University of Oxford
[2025-09-05 11:21:35] <INFO> ------------------------------------------------------------------------
[2025-09-05 11:21:40] <INFO> Done initialising calling components in 5s
[2025-09-05 11:21:40] <INFO> Detected 1 sample: "SW620bc_DSIVb_L_DATAC_P4-SW620bc_DSIVb"
[2025-09-05 11:21:40] <INFO> Invoked calling model: individual
[2025-09-05 11:21:40] <INFO> Processing 3,101,804,739bp with a single thread
[2025-09-05 11:21:40] <INFO> Writing filtered calls to "/data/scratch/DMP/UCEC/GENEVOD/qguo/Projects/lp_mut/results/sample1/Variants_Octopus_v0.5.2/sample1.octopus.vcf.tmp"
[2025-09-05 11:21:40] <INFO> ------------------------------------------------------------------------
[2025-09-05 11:21:40] <INFO>      current      |                   |     time      |     estimated   
[2025-09-05 11:21:40] <INFO>      position     |     completed     |     taken     |     ttc         
[2025-09-05 11:21:40] <INFO> ------------------------------------------------------------------------
[2025-09-05 11:21:47] <INFO>       1:5567876             0.2%               6s            1h 52m
[2025-09-05 11:21:47] <INFO>       1:8887005             0.3%               6s           56m 10s
[2025-09-05 11:21:47] <INFO>      1:17516760             0.6%               6s               28m
[2025-09-05 11:21:47] <INFO>      1:24408765             0.8%               6s           18m 38s
[2025-09-05 11:21:47] <INFO>      1:36075621             1.2%               6s           12m 22s
[2025-09-05 11:21:47] <INFO>      1:40866493             1.3%               6s            11m 7s
[2025-09-05 11:21:47] <INFO>      1:47635558             1.5%               6s            9m 14s
[2025-09-05 11:21:47] <INFO>      1:51377416             1.7%               6s            8m 31s
[2025-09-05 11:21:47] <INFO>      1:63048277             2.0%               6s            6m 54s
[2025-09-05 11:21:47] <INFO>      1:85238886             2.7%               6s            4m 45s
[2025-09-05 11:21:47] <INFO>      1:94562084             3.0%               6s            4m 12s
[2025-09-05 11:21:47] <INFO>      1:99179003             3.2%               6s             4m 2s
[2025-09-05 11:21:47] <INFO>     1:106357725             3.4%               6s            3m 45s
[2025-09-05 11:21:47] <INFO>     1:110045805             3.5%               6s            3m 37s
[2025-09-05 11:21:47] <INFO>     1:116452916             3.8%               6s            3m 23s
[2025-09-05 11:21:47] <INFO>     1:121355107             3.9%               6s            3m 17s
[2025-09-05 11:21:47] <INFO>     1:142655922             4.6%               7s            2m 51s
[2025-09-05 11:21:47] <INFO>     1:151059149             4.9%               7s            2m 43s
[2025-09-05 11:21:47] <INFO>     1:157084648             5.1%               7s            2m 38s
[2025-09-05 11:21:47] <INFO>     1:161895938             5.2%               7s            2m 34s
[2025-09-05 11:21:47] <INFO>     1:182179962             5.9%               7s            2m 15s
[2025-09-05 11:21:47] <INFO>     1:200625043             6.5%               7s             2m 1s
[2025-09-05 11:21:47] <INFO>     1:211868723             6.8%               7s            1m 54s
[2025-09-05 11:21:47] <INFO>     1:244313495             7.9%               7s            1m 36s
[2025-09-05 11:21:47] <INFO>     1:247474712             8.0%               7s            1m 35s
[2025-09-05 11:21:52] <INFO>      2:13758967             8.5%              11s            2m 26s
[2025-09-05 11:21:52] <INFO>      2:17514961             8.6%              11s            2m 24s
[2025-09-05 11:21:52] <INFO>      2:23919837             8.8%              11s            2m 20s
[2025-09-05 11:21:52] <INFO>      2:28479707             9.0%              11s            2m 18s
[2025-09-05 11:21:52] <INFO>      2:33141553             9.1%              11s            2m 16s
[2025-09-05 11:21:52] <INFO>      2:38014789             9.3%              11s            2m 14s
[2025-09-05 11:21:52] <INFO>      2:44217921             9.5%              11s            2m 12s
[2025-09-05 11:21:52] <INFO>      2:49673866             9.6%              11s            2m 10s
[2025-09-05 11:21:52] <INFO>      2:54266395             9.8%              11s             2m 9s
[2025-09-05 11:21:52] <INFO>      2:60199376            10.0%              11s             2m 7s
[2025-09-05 11:21:52] <INFO>      2:63504356            10.1%              11s             2m 5s
[2025-09-05 11:21:52] <INFO>      2:81575856            10.7%              11s            1m 57s
[2025-09-05 11:21:52] <INFO>      2:85750005            10.8%              11s            1m 56s
[2025-09-05 11:21:52] <INFO>      2:89007642            10.9%              11s            1m 54s
[2025-09-05 11:21:52] <INFO>      2:92307267            11.0%              11s            1m 53s
[2025-09-05 11:21:52] <INFO>     2:101591304            11.3%              11s            1m 50s
[2025-09-05 11:21:52] <INFO>     2:112663010            11.7%              11s            1m 46s
[2025-09-05 11:21:52] <INFO>     2:117178160            11.8%              11s            1m 45s
[2025-09-05 11:21:52] <INFO>     2:132450726            12.3%              11s            1m 40s
[2025-09-05 11:21:52] <INFO>     2:138360688            12.5%              11s            1m 39s
[2025-09-05 11:21:52] <INFO>     2:145660165            12.7%              11s            1m 37s
[2025-09-05 11:21:52] <INFO>     2:160215207            13.2%              11s            1m 33s
[2025-09-05 11:21:52] <INFO>     2:169719951            13.5%              11s            1m 30s
[2025-09-05 11:21:52] <INFO>     2:172833782            13.6%              11s            1m 29s
[2025-09-05 11:21:52] <INFO>     2:177474827            13.8%              11s            1m 28s
[2025-09-05 11:21:52] <INFO>     2:185011243            14.0%              11s            1m 27s
[2025-09-05 11:21:52] <INFO>     2:188809802            14.1%              11s            1m 26s
[2025-09-05 11:21:52] <INFO>     2:193328563            14.3%              11s            1m 25s
[2025-09-05 11:21:52] <INFO>     2:197076698            14.4%              11s            1m 24s
[2025-09-05 11:21:52] <INFO>     2:202671381            14.6%              11s            1m 23s
[2025-09-05 11:21:52] <INFO>     2:208530105            14.8%              11s            1m 22s
[2025-09-05 11:21:52] <INFO>     2:211988412            14.9%              11s            1m 22s
[2025-09-05 11:21:52] <INFO>     2:215407090            15.0%              11s            1m 21s
[2025-09-05 11:21:52] <INFO>     2:220627890            15.1%              11s            1m 20s
[2025-09-05 11:21:52] <INFO>     2:227442114            15.4%              11s            1m 19s
[2025-09-05 11:21:52] <INFO>     2:230698197            15.5%              11s            1m 18s
[2025-09-05 11:21:52] <INFO>     2:235675184            15.6%              11s            1m 17s
[2025-09-05 11:21:52] <INFO>     2:238879302            15.7%              11s            1m 16s
[2025-09-05 11:21:52] <INFO>     2:242667894            15.9%              11s            1m 16s
[2025-09-05 11:21:56] <INFO>      3:14882553            16.4%              15s            1m 38s
[2025-09-05 11:21:56] <INFO>      3:23981660            16.6%              15s            1m 36s
[2025-09-05 11:21:56] <INFO>      3:30621570            16.9%              15s            1m 34s
[2025-09-05 11:21:56] <INFO>      3:47000546            17.4%              15s            1m 30s
[2025-09-05 11:21:56] <INFO>      3:50690570            17.5%              15s            1m 30s
[2025-09-05 11:21:56] <INFO>      3:55741894            17.7%              15s            1m 29s
[2025-09-05 11:21:56] <INFO>      3:79786806            18.4%              15s            1m 24s
[2025-09-05 11:21:56] <INFO>      3:83888271            18.6%              15s            1m 23s
[2025-09-05 11:21:56] <INFO>      3:99698698            19.1%              15s            1m 20s
[2025-09-05 11:21:56] <INFO>     3:103149965            19.2%              15s            1m 19s
[2025-09-05 11:21:56] <INFO>     3:108423216            19.4%              15s            1m 19s
[2025-09-05 11:21:56] <INFO>     3:111873902            19.5%              15s            1m 18s
[2025-09-05 11:21:56] <INFO>     3:121088201            19.8%              15s            1m 17s
[2025-09-05 11:21:56] <INFO>     3:127059376            20.0%              15s            1m 16s
[2025-09-05 11:21:56] <INFO>     3:136377249            20.3%              15s            1m 15s
[2025-09-05 11:21:56] <INFO>     3:148505170            20.7%              15s            1m 13s
[2025-09-05 11:21:56] <INFO>     3:160270664            21.0%              15s            1m 11s
[2025-09-05 11:21:56] <INFO>     3:169626159            21.3%              15s            1m 10s
[2025-09-05 11:21:56] <INFO>     3:180122188            21.7%              15s             1m 8s
[2025-09-05 11:21:56] <INFO>     3:184256798            21.8%              15s             1m 8s
[2025-09-05 11:21:56] <INFO>     3:188698709            22.0%              15s             1m 7s
[2025-09-05 11:21:56] <INFO>     3:197326423            22.2%              15s             1m 6s
[2025-09-05 11:22:00] <INFO>      4:49094795            23.8%              19s            1m 14s
[2025-09-05 11:22:00] <INFO>     4:117107797            26.0%              19s             1m 5s
[2025-09-05 11:22:00] <INFO>     4:157925124            27.4%              19s                1m
[2025-09-05 11:22:00] <INFO>     4:169267446            27.7%              19s               59s
[2025-09-05 11:22:00] <INFO>     4:187802501            28.3%              19s               58s
[2025-09-05 11:22:00] <INFO>     4:191154276            28.4%              19s               58s
[2025-09-05 11:22:03] <INFO>       5:3339568            28.5%              23s             1m 8s
[2025-09-05 11:22:03] <INFO>       5:6446902            28.6%              23s             1m 8s
[2025-09-05 11:22:03] <INFO>      5:10243138            28.8%              23s             1m 7s
[2025-09-05 11:22:03] <INFO>      5:14082298            28.9%              23s             1m 7s
[2025-09-05 11:22:03] <INFO>      5:22869771            29.2%              23s             1m 6s
[2025-09-05 11:22:03] <INFO>      5:29719184            29.4%              23s             1m 5s
[2025-09-05 11:22:03] <INFO>      5:36515990            29.6%              23s             1m 4s
[2025-09-05 11:22:03] <INFO>      5:40833487            29.7%              23s             1m 4s
[2025-09-05 11:22:03] <INFO>      5:44189543            29.8%              23s             1m 4s
[2025-09-05 11:22:03] <INFO>      5:53774020            30.2%              23s             1m 3s
[2025-09-05 11:22:03] <INFO>      5:57931266            30.3%              23s             1m 2s
[2025-09-05 11:22:03] <INFO>      5:65609407            30.5%              23s             1m 2s
[2025-09-05 11:22:03] <INFO>      5:74101350            30.8%              23s             1m 1s
[2025-09-05 11:22:03] <INFO>      5:79443169            31.0%              23s             1m 1s
[2025-09-05 11:22:03] <INFO>      5:84939396            31.2%              23s                1m
[2025-09-05 11:22:03] <INFO>      5:95835167            31.5%              23s               59s
[2025-09-05 11:22:03] <INFO>     5:113522571            32.1%              23s               58s
[2025-09-05 11:22:03] <INFO>     5:118355815            32.2%              23s               57s
[2025-09-05 11:22:03] <INFO>     5:125786346            32.5%              23s               57s
[2025-09-05 11:22:03] <INFO>     5:130516368            32.6%              23s               56s
[2025-09-05 11:22:03] <INFO>     5:133829296            32.7%              23s               56s
[2025-09-05 11:22:03] <INFO>     5:138163576            32.9%              23s               56s
[2025-09-05 11:22:03] <INFO>     5:145703691            33.1%              23s               55s
[2025-09-05 11:22:03] <INFO>     5:150184571            33.3%              23s               55s
[2025-09-05 11:22:03] <INFO>     5:161020359            33.6%              23s               54s
[2025-09-05 11:22:03] <INFO>     5:173219779            34.0%              23s               53s
[2025-09-05 11:22:03] <INFO>     5:176916718            34.1%              23s               53s
[2025-09-05 11:22:03] <INFO>     5:180915260            34.3%              23s               52s
[2025-09-05 11:22:07] <INFO>       6:3859096            34.4%              26s                1m
[2025-09-05 11:22:07] <INFO>      6:10092234            34.6%              26s               59s
[2025-09-05 11:22:07] <INFO>      6:14635667            34.7%              26s               59s
[2025-09-05 11:22:07] <INFO>      6:17915875            34.8%              26s               59s
[2025-09-05 11:22:07] <INFO>      6:22374911            35.0%              26s               58s
[2025-09-05 11:22:07] <INFO>      6:27796466            35.2%              26s               58s
[2025-09-05 11:22:07] <INFO>      6:31185649            35.3%              26s               58s
[2025-09-05 11:22:07] <INFO>      6:35010194            35.4%              26s               57s
[2025-09-05 11:22:07] <INFO>      6:39125104            35.5%              26s               57s
[2025-09-05 11:22:07] <INFO>      6:43181379            35.6%              26s               57s
[2025-09-05 11:22:07] <INFO>      6:50252930            35.9%              26s               56s
[2025-09-05 11:22:07] <INFO>      6:58777461            36.2%              26s               56s
[2025-09-05 11:22:07] <INFO>      6:75897188            36.7%              26s               54s
[2025-09-05 11:22:07] <INFO>      6:83256858            36.9%              26s               54s
[2025-09-05 11:22:07] <INFO>      6:87583261            37.1%              26s               53s
[2025-09-05 11:22:07] <INFO>      6:91051090            37.2%              26s               53s
[2025-09-05 11:22:07] <INFO>     6:107359979            37.7%              26s               52s
[2025-09-05 11:22:07] <INFO>     6:115246051            38.0%              26s               51s
[2025-09-05 11:22:07] <INFO>     6:133636515            38.6%              26s               50s
[2025-09-05 11:22:07] <INFO>     6:138445463            38.7%              26s               50s
[2025-09-05 11:22:07] <INFO>     6:149459596            39.1%              26s               49s
[2025-09-05 11:22:07] <INFO>     6:154261427            39.2%              26s               49s
[2025-09-05 11:22:07] <INFO>     6:157731762            39.3%              26s               49s
[2025-09-05 11:22:07] <INFO>     6:162003559            39.5%              26s               48s
[2025-09-05 11:22:07] <INFO>     6:165658029            39.6%              26s               48s
[2025-09-05 11:22:07] <INFO>     6:170187161            39.7%              26s               48s
[2025-09-05 11:22:10] <INFO>       7:2775825            39.9%              30s               53s
[2025-09-05 11:22:10] <INFO>      7:12637967            40.2%              30s               52s
[2025-09-05 11:22:10] <INFO>      7:21950856            40.5%              30s               52s
[2025-09-05 11:22:10] <INFO>      7:27262849            40.7%              30s               51s
[2025-09-05 11:22:10] <INFO>      7:33680493            40.9%              30s               51s
[2025-09-05 11:22:10] <INFO>      7:42533045            41.1%              30s               50s
[2025-09-05 11:22:10] <INFO>      7:46690366            41.3%              30s               50s
[2025-09-05 11:22:10] <INFO>      7:50237083            41.4%              30s               50s
[2025-09-05 11:22:10] <INFO>      7:58038999            41.6%              30s               49s
[2025-09-05 11:22:10] <INFO>      7:61784026            41.8%              30s               49s
[2025-09-05 11:22:10] <INFO>      7:65060752            41.9%              30s               49s
[2025-09-05 11:22:10] <INFO>      7:78750843            42.3%              30s               48s
[2025-09-05 11:22:10] <INFO>      7:95180575            42.8%              30s               47s
[2025-09-05 11:22:10] <INFO>     7:103988662            43.1%              30s               47s
[2025-09-05 11:22:10] <INFO>     7:114510535            43.5%              30s               46s
[2025-09-05 11:22:10] <INFO>     7:127797148            43.9%              30s               45s
[2025-09-05 11:22:10] <INFO>     7:133766935            44.1%              30s               45s
[2025-09-05 11:22:10] <INFO>     7:137692888            44.2%              30s               45s
[2025-09-05 11:22:10] <INFO>     7:150892079            44.6%              30s               44s
[2025-09-05 11:22:10] <INFO>     7:154466371            44.8%              30s               44s
[2025-09-05 11:22:10] <INFO>     7:157600424            44.9%              30s               43s
[2025-09-05 11:22:13] <INFO>       8:2085371            45.0%              33s               48s
[2025-09-05 11:22:13] <INFO>       8:5540440            45.1%              33s               47s
[2025-09-05 11:22:13] <INFO>       8:9067599            45.2%              33s               47s
[2025-09-05 11:22:13] <INFO>      8:13929089            45.4%              33s               47s
[2025-09-05 11:22:13] <INFO>      8:23222169            45.7%              33s               46s
[2025-09-05 11:22:13] <INFO>      8:31175729            45.9%              33s               46s
[2025-09-05 11:22:13] <INFO>      8:38143586            46.1%              33s               45s
[2025-09-05 11:22:13] <INFO>      8:41342133            46.2%              33s               45s
[2025-09-05 11:22:13] <INFO>      8:47652808            46.4%              33s               45s
[2025-09-05 11:22:13] <INFO>      8:56910701            46.7%              33s               44s
[2025-09-05 11:22:13] <INFO>      8:61575554            46.9%              33s               44s
[2025-09-05 11:22:13] <INFO>      8:68425334            47.1%              33s               44s
[2025-09-05 11:22:13] <INFO>      8:75403218            47.3%              33s               43s
[2025-09-05 11:22:13] <INFO>      8:81823778            47.5%              33s               43s
[2025-09-05 11:22:13] <INFO>      8:93239344            47.9%              33s               42s
[2025-09-05 11:22:13] <INFO>      8:97098906            48.0%              33s               42s
[2025-09-05 11:22:13] <INFO>     8:100488687            48.1%              33s               42s
[2025-09-05 11:22:13] <INFO>     8:113634842            48.6%              33s               41s
[2025-09-05 11:22:13] <INFO>     8:120473479            48.8%              33s               41s
[2025-09-05 11:22:13] <INFO>     8:124919049            48.9%              33s               41s
[2025-09-05 11:22:13] <INFO>     8:138755888            49.4%              33s               40s
[2025-09-05 11:22:13] <INFO>     8:141883233            49.5%              33s               40s
[2025-09-05 11:22:13] <INFO>     8:146364022            49.6%              33s               39s
[2025-09-05 11:22:16] <INFO>       9:4768803            49.8%              36s               43s
[2025-09-05 11:22:16] <INFO>      9:19983754            50.3%              36s               42s
[2025-09-05 11:22:16] <INFO>      9:23672465            50.4%              36s               42s
[2025-09-05 11:22:16] <INFO>      9:33494676            50.7%              36s               41s
[2025-09-05 11:22:16] <INFO>      9:37018949            50.8%              36s               41s
[2025-09-05 11:22:16] <INFO>      9:67320866            51.8%              36s               39s
[2025-09-05 11:22:16] <INFO>      9:81401892            52.2%              36s               38s
[2025-09-05 11:22:16] <INFO>      9:87683008            52.4%              36s               38s
[2025-09-05 11:22:16] <INFO>      9:93661352            52.6%              36s               38s
[2025-09-05 11:22:16] <INFO>     9:101931769            52.9%              36s               37s
[2025-09-05 11:22:16] <INFO>     9:109976421            53.2%              36s               37s
[2025-09-05 11:22:16] <INFO>     9:113404531            53.3%              36s               37s
[2025-09-05 11:22:16] <INFO>     9:126069536            53.7%              36s               36s
[2025-09-05 11:22:16] <INFO>     9:136040986            54.0%              36s               36s
[2025-09-05 11:22:16] <INFO>     9:139225351            54.1%              36s               36s
[2025-09-05 11:22:18] <INFO>     10:39138167            55.4%              38s               36s
[2025-09-05 11:22:18] <INFO>     10:42380256            55.5%              38s               36s
[2025-09-05 11:22:19] <INFO>     10:78132087            56.7%              38s               34s
[2025-09-05 11:22:19] <INFO>     10:98433076            57.3%              38s               33s
[2025-09-05 11:22:19] <INFO>    10:104370023            57.5%              38s               33s
[2025-09-05 11:22:19] <INFO>    10:134638222            58.5%              38s               31s
[2025-09-05 11:22:21] <INFO>      11:3881730            58.7%              41s               33s
[2025-09-05 11:22:21] <INFO>      11:7833361            58.8%              41s               33s
[2025-09-05 11:22:21] <INFO>     11:11514447            58.9%              41s               33s
[2025-09-05 11:22:21] <INFO>     11:14955164            59.0%              41s               33s
[2025-09-05 11:22:21] <INFO>     11:18297372            59.1%              41s               33s
[2025-09-05 11:22:21] <INFO>     11:24686598            59.3%              41s               32s
[2025-09-05 11:22:21] <INFO>     11:35337211            59.7%              41s               32s
[2025-09-05 11:22:21] <INFO>     11:38835942            59.8%              41s               32s
[2025-09-05 11:22:21] <INFO>     11:47388214            60.1%              41s               31s
[2025-09-05 11:22:21] <INFO>     11:55793876            60.3%              41s               31s
[2025-09-05 11:22:21] <INFO>     11:64191719            60.6%              41s               31s
[2025-09-05 11:22:21] <INFO>     11:69936101            60.8%              41s               31s
[2025-09-05 11:22:21] <INFO>     11:73378621            60.9%              41s               30s
[2025-09-05 11:22:21] <INFO>     11:76755743            61.0%              41s               30s
[2025-09-05 11:22:21] <INFO>     11:80367979            61.1%              41s               30s
[2025-09-05 11:22:21] <INFO>     11:87503307            61.4%              41s               30s
[2025-09-05 11:22:21] <INFO>     11:93212161            61.5%              41s               30s
[2025-09-05 11:22:21] <INFO>    11:113277551            62.2%              41s               29s
[2025-09-05 11:22:21] <INFO>    11:119974286            62.4%              41s               28s
[2025-09-05 11:22:21] <INFO>    11:123399203            62.5%              41s               28s
[2025-09-05 11:22:21] <INFO>    11:130935142            62.8%              41s               28s
[2025-09-05 11:22:21] <INFO>    11:135006516            62.9%              41s               28s
[2025-09-05 11:22:24] <INFO>      12:3116117            63.0%              43s               30s
[2025-09-05 11:22:24] <INFO>      12:7356363            63.1%              43s               29s
[2025-09-05 11:22:24] <INFO>     12:12130640            63.3%              43s               29s
[2025-09-05 11:22:24] <INFO>     12:23555657            63.7%              43s               29s
[2025-09-05 11:22:24] <INFO>     12:26696891            63.8%              43s               29s
[2025-09-05 11:22:24] <INFO>     12:33126754            64.0%              43s               28s
[2025-09-05 11:22:24] <INFO>     12:37901629            64.1%              43s               28s
[2025-09-05 11:22:24] <INFO>     12:43683590            64.3%              43s               28s
[2025-09-05 11:22:24] <INFO>     12:46825077            64.4%              43s               28s
[2025-09-05 11:22:24] <INFO>     12:53141644            64.6%              43s               27s
[2025-09-05 11:22:24] <INFO>     12:57093100            64.7%              43s               27s
[2025-09-05 11:22:24] <INFO>     12:62162600            64.9%              43s               27s
[2025-09-05 11:22:24] <INFO>     12:65375434            65.0%              43s               27s
[2025-09-05 11:22:24] <INFO>     12:87092150            65.7%              43s               26s
[2025-09-05 11:22:24] <INFO>     12:93444123            65.9%              43s               26s
[2025-09-05 11:22:24] <INFO>     12:98316836            66.1%              43s               26s
[2025-09-05 11:22:24] <INFO>    12:103457736            66.2%              43s               26s
[2025-09-05 11:22:24] <INFO>    12:109996745            66.4%              43s               25s
[2025-09-05 11:22:24] <INFO>    12:124091539            66.9%              43s               25s
[2025-09-05 11:22:24] <INFO>    12:130976949            67.1%              43s               25s
[2025-09-05 11:22:26] <INFO>     13:20458618            67.9%              45s               25s
[2025-09-05 11:22:26] <INFO>     13:24758798            68.0%              45s               25s
[2025-09-05 11:22:26] <INFO>     13:29157962            68.2%              45s               24s
[2025-09-05 11:22:26] <INFO>     13:48309677            68.8%              45s               24s
[2025-09-05 11:22:26] <INFO>     13:52422316            68.9%              45s               23s
[2025-09-05 11:22:26] <INFO>     13:61690082            69.2%              45s               23s
[2025-09-05 11:22:26] <INFO>     13:65070364            69.3%              45s               23s
[2025-09-05 11:22:26] <INFO>     13:71541932            69.5%              45s               23s
[2025-09-05 11:22:26] <INFO>     13:78455539            69.7%              45s               23s
[2025-09-05 11:22:26] <INFO>     13:82888581            69.9%              45s               22s
[2025-09-05 11:22:26] <INFO>     13:88731311            70.1%              45s               22s
[2025-09-05 11:22:26] <INFO>     13:94053200            70.2%              45s               22s
[2025-09-05 11:22:26] <INFO>    13:104998420            70.6%              45s               22s
[2025-09-05 11:22:26] <INFO>    13:115038879            70.9%              45s               21s
[2025-09-05 11:22:27] <INFO>     14:23923620            71.7%              47s               21s
[2025-09-05 11:22:27] <INFO>     14:33359856            72.0%              47s               21s
[2025-09-05 11:22:27] <INFO>     14:38740037            72.2%              47s               21s
[2025-09-05 11:22:27] <INFO>     14:50172841            72.5%              47s               20s
[2025-09-05 11:22:27] <INFO>     14:65913947            73.0%              47s               20s
[2025-09-05 11:22:27] <INFO>     14:72295890            73.3%              47s               20s
[2025-09-05 11:22:27] <INFO>     14:91740377            73.9%              47s               19s
[2025-09-05 11:22:27] <INFO>     14:99992147            74.1%              47s               19s
[2025-09-05 11:22:27] <INFO>    14:107349540            74.4%              47s               18s
[2025-09-05 11:22:29] <INFO>     15:20494786            75.0%              48s               18s
[2025-09-05 11:22:29] <INFO>     15:24585612            75.2%              48s               18s
[2025-09-05 11:22:29] <INFO>     15:31129037            75.4%              48s               18s
[2025-09-05 11:22:29] <INFO>     15:37346861            75.6%              48s               18s
[2025-09-05 11:22:29] <INFO>     15:40562987            75.7%              48s               18s
[2025-09-05 11:22:29] <INFO>     15:47565448            75.9%              48s               17s
[2025-09-05 11:22:29] <INFO>     15:56108047            76.2%              48s               17s
[2025-09-05 11:22:29] <INFO>     15:61226669            76.4%              48s               17s
[2025-09-05 11:22:29] <INFO>     15:67415484            76.6%              48s               17s
[2025-09-05 11:22:29] <INFO>     15:70685931            76.7%              48s               17s
[2025-09-05 11:22:29] <INFO>     15:77012710            76.9%              48s               17s
[2025-09-05 11:22:29] <INFO>     15:80453730            77.0%              48s               16s
[2025-09-05 11:22:29] <INFO>     15:84460693            77.1%              48s               16s
[2025-09-05 11:22:29] <INFO>     15:88089923            77.2%              48s               16s
[2025-09-05 11:22:29] <INFO>     15:94206246            77.4%              48s               16s
[2025-09-05 11:22:29] <INFO>     15:98048483            77.5%              48s               16s
[2025-09-05 11:22:29] <INFO>    15:101646899            77.7%              48s               16s
[2025-09-05 11:22:30] <INFO>     16:10279161            78.0%              50s               16s
[2025-09-05 11:22:30] <INFO>     16:14409502            78.2%              50s               16s
[2025-09-05 11:22:30] <INFO>     16:22884053            78.4%              50s               16s
[2025-09-05 11:22:30] <INFO>     16:33888563            78.8%              50s               15s
[2025-09-05 11:22:30] <INFO>     16:46403723            79.2%              50s               15s
[2025-09-05 11:22:30] <INFO>     16:57466319            79.5%              50s               15s
[2025-09-05 11:22:30] <INFO>     16:66618940            79.8%              50s               14s
[2025-09-05 11:22:30] <INFO>     16:75436561            80.1%              50s               14s
[2025-09-05 11:22:30] <INFO>     16:79979938            80.3%              50s               14s
[2025-09-05 11:22:30] <INFO>     16:84381290            80.4%              50s               14s
[2025-09-05 11:22:30] <INFO>     16:89514017            80.6%              50s               14s
[2025-09-05 11:22:32] <INFO>      17:2563261            80.7%              51s               14s
[2025-09-05 11:22:32] <INFO>      17:6178490            80.8%              51s               14s
[2025-09-05 11:22:32] <INFO>     17:12872236            81.0%              51s               14s
[2025-09-05 11:22:32] <INFO>     17:16954103            81.2%              51s               14s
[2025-09-05 11:22:32] <INFO>     17:22253239            81.3%              51s               13s
[2025-09-05 11:22:32] <INFO>     17:28317124            81.5%              52s               13s
[2025-09-05 11:22:32] <INFO>     17:39191482            81.9%              52s               13s
[2025-09-05 11:22:32] <INFO>     17:42464337            82.0%              52s               13s
[2025-09-05 11:22:32] <INFO>     17:46701954            82.1%              52s               13s
[2025-09-05 11:22:32] <INFO>     17:49975601            82.2%              52s               13s
[2025-09-05 11:22:32] <INFO>     17:58328390            82.5%              52s               12s
[2025-09-05 11:22:32] <INFO>     17:63413650            82.6%              52s               12s
[2025-09-05 11:22:32] <INFO>     17:69860646            82.9%              52s               12s
[2025-09-05 11:22:32] <INFO>     17:73378595            83.0%              52s               12s
[2025-09-05 11:22:32] <INFO>     17:77934609            83.1%              52s               12s
[2025-09-05 11:22:32] <INFO>     17:81195210            83.2%              52s               12s
[2025-09-05 11:22:33] <INFO>      18:8474638            83.5%              53s               12s
[2025-09-05 11:22:33] <INFO>     18:18512924            83.8%              53s               12s
[2025-09-05 11:22:33] <INFO>     18:21830596            83.9%              53s               11s
[2025-09-05 11:22:33] <INFO>     18:34351529            84.3%              53s               11s
[2025-09-05 11:22:33] <INFO>     18:46572136            84.7%              53s               11s
[2025-09-05 11:22:33] <INFO>     18:57068234            85.1%              53s               11s
[2025-09-05 11:22:33] <INFO>     18:61637984            85.2%              53s               10s
[2025-09-05 11:22:33] <INFO>     18:65816858            85.3%              53s               10s
[2025-09-05 11:22:34] <INFO>     18:69758753            85.5%              53s               10s
[2025-09-05 11:22:34] <INFO>     18:74787732            85.6%              53s               10s
[2025-09-05 11:22:34] <INFO>     18:78077248            85.7%              53s               10s
[2025-09-05 11:22:35] <INFO>      19:3143693            85.8%              54s               10s
[2025-09-05 11:22:35] <INFO>     19:16479660            86.3%              54s               10s
[2025-09-05 11:22:35] <INFO>     19:20463924            86.4%              54s               10s
[2025-09-05 11:22:35] <INFO>     19:27736269            86.6%              54s                9s
[2025-09-05 11:22:35] <INFO>     19:36754777            86.9%              54s                9s
[2025-09-05 11:22:35] <INFO>     19:46771491            87.2%              54s                9s
[2025-09-05 11:22:35] <INFO>     19:59128983            87.6%              54s                9s
[2025-09-05 11:22:36] <INFO>      20:4770440            87.8%              55s                9s
[2025-09-05 11:22:36] <INFO>      20:8667795            87.9%              55s                8s
[2025-09-05 11:22:36] <INFO>     20:19631287            88.3%              55s                8s
[2025-09-05 11:22:36] <INFO>     20:23907429            88.4%              55s                8s
[2025-09-05 11:22:36] <INFO>     20:30586459            88.6%              55s                8s
[2025-09-05 11:22:36] <INFO>     20:34702435            88.8%              55s                8s
[2025-09-05 11:22:36] <INFO>     20:44132654            89.1%              55s                8s
[2025-09-05 11:22:36] <INFO>     20:47240081            89.2%              55s                7s
[2025-09-05 11:22:36] <INFO>     20:50940682            89.3%              55s                7s
[2025-09-05 11:22:36] <INFO>     20:54880814            89.4%              55s                7s
[2025-09-05 11:22:36] <INFO>     20:58260689            89.5%              55s                7s
[2025-09-05 11:22:36] <INFO>     20:62041946            89.6%              55s                7s
[2025-09-05 11:22:37] <INFO>     21:10615006            90.0%              56s                7s
[2025-09-05 11:22:37] <INFO>     21:14368402            90.1%              56s                7s
[2025-09-05 11:22:37] <INFO>     21:24557861            90.5%              56s                7s
[2025-09-05 11:22:37] <INFO>     21:29264895            90.6%              56s                6s
[2025-09-05 11:22:37] <INFO>     21:40442200            91.0%              56s                6s
[2025-09-05 11:22:37] <INFO>     21:48129895            91.2%              56s                6s
[2025-09-05 11:22:37] <INFO>     22:17037504            91.8%              57s                6s
[2025-09-05 11:22:37] <INFO>     22:21910136            91.9%              57s                5s
[2025-09-05 11:22:37] <INFO>     22:25218959            92.0%              57s                5s
[2025-09-05 11:22:37] <INFO>     22:29100119            92.2%              57s                5s
[2025-09-05 11:22:37] <INFO>     22:34360320            92.3%              57s                5s
[2025-09-05 11:22:37] <INFO>     22:38387914            92.5%              57s                5s
[2025-09-05 11:22:37] <INFO>     22:43094736            92.6%              57s                5s
[2025-09-05 11:22:37] <INFO>     22:47196383            92.8%              57s                5s
[2025-09-05 11:22:37] <INFO>     22:51304566            92.9%              57s                5s
[2025-09-05 11:22:40] <INFO>      X:13495317            93.3%              59s                4s
[2025-09-05 11:22:40] <INFO>      X:18771721            93.5%              59s                4s
[2025-09-05 11:22:40] <INFO>      X:38545022            94.1%              59s                4s
[2025-09-05 11:22:40] <INFO>      X:57080872            94.7%              59s                3s
[2025-09-05 11:22:40] <INFO>      X:61718750            94.9%              59s                3s
[2025-09-05 11:22:40] <INFO>      X:71669498            95.2%              59s                3s
[2025-09-05 11:22:40] <INFO>      X:79643254            95.5%              59s                3s
[2025-09-05 11:22:40] <INFO>      X:96259607            96.0%              59s                2s
[2025-09-05 11:22:40] <INFO>     X:119764040            96.7%              59s                2s
[2025-09-05 11:22:40] <INFO>     X:133511988            97.2%              59s                2s
[2025-09-05 11:22:40] <INFO>     X:155270560            97.9%              59s                1s
[2025-09-05 11:22:41] <INFO>       Y:9984190            98.2%               1m                1s
[2025-09-05 11:22:41] <INFO>      Y:13457758            98.3%               1m                1s
[2025-09-05 11:22:41] <INFO>      Y:58978202            99.8%               1m             143ms
[2025-09-05 11:22:41] <INFO>               -             100%            1m 1s                 -
[2025-09-05 11:22:41] <INFO> Starting Call Set Refinement (CSR) filtering
[2025-09-05 11:22:41] <INFO> ------------------------------------------------------------------------
[2025-09-05 11:22:41] <INFO>      current      |                   |     time      |     estimated   
[2025-09-05 11:22:41] <INFO>      position     |     completed     |     taken     |     ttc         
[2025-09-05 11:22:41] <INFO> ------------------------------------------------------------------------
[2025-09-05 11:22:42] <INFO>      1:36107510             1.2%            544ms               48s
[2025-09-05 11:22:42] <INFO>      1:94562084             3.0%            546ms               18s
[2025-09-05 11:22:42] <INFO>     1:142655899             4.6%            551ms               11s
[2025-09-05 11:22:42] <INFO>     1:182179962             5.9%            553ms                9s
[2025-09-05 11:22:42] <INFO>     1:244313495             7.9%            556ms                6s
[2025-09-05 11:22:42] <INFO>      2:26536118             8.9%               1s               11s
[2025-09-05 11:22:42] <INFO>      2:60199376            10.0%               1s               10s
[2025-09-05 11:22:42] <INFO>      2:91778168            11.0%               1s                8s
[2025-09-05 11:22:42] <INFO>     2:132450726            12.3%               1s                7s
[2025-09-05 11:22:42] <INFO>     2:169719951            13.5%               1s                7s
[2025-09-05 11:22:42] <INFO>     2:202671381            14.6%               1s                6s
[2025-09-05 11:22:42] <INFO>     2:235675184            15.6%               1s                5s
[2025-09-05 11:22:43] <INFO>      3:23981660            16.6%               1s                7s
[2025-09-05 11:22:43] <INFO>      3:58415103            17.8%               1s                7s
[2025-09-05 11:22:43] <INFO>      3:99698698            19.1%               1s                6s
[2025-09-05 11:22:43] <INFO>     3:136377249            20.3%               1s                6s
[2025-09-05 11:22:43] <INFO>     3:169626159            21.3%               1s                5s
[2025-09-05 11:22:43] <INFO>      4:49144202            23.8%               1s                6s
[2025-09-05 11:22:43] <INFO>     4:117107797            26.0%               1s                5s
[2025-09-05 11:22:43] <INFO>     4:157925058            27.4%               1s                5s
[2025-09-05 11:22:43] <INFO>     4:190548967            28.4%               1s                4s
[2025-09-05 11:22:43] <INFO>      5:36515990            29.6%               2s                5s
[2025-09-05 11:22:43] <INFO>      5:74101350            30.8%               2s                5s
[2025-09-05 11:22:43] <INFO>     5:113522571            32.1%               2s                4s
[2025-09-05 11:22:43] <INFO>     5:145703676            33.1%               2s                4s
[2025-09-05 11:22:44] <INFO>     5:180915260            34.3%               2s                5s
[2025-09-05 11:22:44] <INFO>      6:31185649            35.3%               2s                4s
[2025-09-05 11:22:44] <INFO>      6:75897072            36.7%               2s                4s
[2025-09-05 11:22:44] <INFO>     6:107359979            37.7%               2s                4s
[2025-09-05 11:22:44] <INFO>     6:138445463            38.7%               2s                4s
[2025-09-05 11:22:44] <INFO>     6:170187149            39.7%               2s                4s
[2025-09-05 11:22:44] <INFO>      7:33680372            40.9%               3s                4s
[2025-09-05 11:22:44] <INFO>      7:65798802            41.9%               3s                4s
[2025-09-05 11:22:44] <INFO>     7:103988662            43.1%               3s                4s
[2025-09-05 11:22:44] <INFO>     7:135495920            44.1%               3s                3s
[2025-09-05 11:22:44] <INFO>       8:9067599            45.2%               3s                4s
[2025-09-05 11:22:44] <INFO>      8:41342133            46.2%               3s                3s
[2025-09-05 11:22:44] <INFO>      8:75403218            47.3%               3s                3s
[2025-09-05 11:22:44] <INFO>     8:113634842            48.6%               3s                3s
[2025-09-05 11:22:45] <INFO>     8:146364022            49.6%               3s                3s
[2025-09-05 11:22:45] <INFO>      9:33494676            50.7%               3s                3s
[2025-09-05 11:22:45] <INFO>      9:69789090            51.9%               3s                3s
[2025-09-05 11:22:45] <INFO>     9:101931756            52.9%               3s                3s
[2025-09-05 11:22:45] <INFO>     9:136040986            54.0%               3s                3s
[2025-09-05 11:22:45] <INFO>     10:42380256            55.5%               3s                3s
[2025-09-05 11:22:45] <INFO>     10:78132087            56.7%               3s                2s
[2025-09-05 11:22:45] <INFO>    10:134638222            58.5%               3s                2s
[2025-09-05 11:22:45] <INFO>     11:35337211            59.7%               4s                2s
[2025-09-05 11:22:45] <INFO>     11:72246218            60.9%               4s                2s
[2025-09-05 11:22:45] <INFO>    11:113277551            62.2%               4s                2s
[2025-09-05 11:22:46] <INFO>     12:12130640            63.3%               4s                2s
[2025-09-05 11:22:46] <INFO>     12:46825077            64.4%               4s                2s
[2025-09-05 11:22:46] <INFO>     12:93444123            65.9%               4s                2s
[2025-09-05 11:22:46] <INFO>    12:124923342            66.9%               4s                2s
[2025-09-05 11:22:46] <INFO>     13:22647161            67.9%               4s                2s
[2025-09-05 11:22:46] <INFO>     13:61690082            69.2%               4s                2s
[2025-09-05 11:22:46] <INFO>     13:94053200            70.2%               4s                2s
[2025-09-05 11:22:46] <INFO>     14:23923620            71.7%               5s                1s
[2025-09-05 11:22:46] <INFO>     14:65913947            73.0%               5s                1s
[2025-09-05 11:22:46] <INFO>     14:99992147            74.1%               5s                1s
[2025-09-05 11:22:46] <INFO>     15:24585611            75.2%               5s                1s
[2025-09-05 11:22:46] <INFO>     15:56107981            76.2%               5s                1s
[2025-09-05 11:22:46] <INFO>     15:90064293            77.3%               5s                1s
[2025-09-05 11:22:46] <INFO>     16:22884053            78.4%               5s                1s
[2025-09-05 11:22:46] <INFO>     16:57466319            79.5%               5s                1s
[2025-09-05 11:22:46] <INFO>     16:89514017            80.6%               5s                1s
[2025-09-05 11:22:47] <INFO>     17:39191482            81.9%               5s                1s
[2025-09-05 11:22:47] <INFO>     17:70647389            82.9%               5s                1s
[2025-09-05 11:22:47] <INFO>     18:21830596            83.9%               5s                1s
[2025-09-05 11:22:47] <INFO>     18:57068234            85.1%               5s                1s
[2025-09-05 11:22:47] <INFO>     19:16479616            86.3%               6s             948ms
[2025-09-05 11:22:47] <INFO>     19:59128983            87.6%               6s             860ms
[2025-09-05 11:22:47] <INFO>     20:34702435            88.8%               6s             773ms
[2025-09-05 11:22:47] <INFO>     21:10615006            90.0%               6s             685ms
[2025-09-05 11:22:47] <INFO>     21:48129895            91.2%               6s             602ms
[2025-09-05 11:22:47] <INFO>     22:34360320            92.3%               6s             519ms
[2025-09-05 11:22:48] <INFO>      X:15442313            93.4%               6s             473ms
[2025-09-05 11:22:48] <INFO>      X:57080872            94.7%               6s             367ms
[2025-09-05 11:22:48] <INFO>      X:96259607            96.0%               6s             279ms
[2025-09-05 11:22:48] <INFO>     X:133511988            97.2%               6s             192ms
[2025-09-05 11:22:48] <INFO>       Y:9984103            98.2%               6s             118ms
[2025-09-05 11:22:48] <INFO>      Y:59373566            99.8%               6s               6ms
[2025-09-05 11:22:48] <INFO>               -             100%               6s                 -
[2025-09-05 11:22:48] <INFO> Finished calling 3,101,804,739bp, total runtime 1m 7s
[2025-09-05 11:22:48] <INFO> Calls have been written to "/data/scratch/DMP/UCEC/GENEVOD/qguo/Projects/lp_mut/results/sample1/Variants_Octopus_v0.5.2/sample1.octopus.vcf.tmp"
[2025-09-05 11:22:48] <INFO> Removed 2 temporary files
[2025-09-05 11:22:48] <INFO> ------------------------------------------------------------------------
